ID						RECLAIMABLE	SIZE		LAST ACCESSED
pvps4j03q421r0vgbcyw6pw5u*              	true 		1.036kB   	7 weeks ago
ywt60m5w2z1eakg4fhhiatr4e*              	true 	1.029kB   	7 weeks ago
ftviclpzgexv2jggadw7vc25v*              	true 	336B      	7 weeks ago
epibf0c2nx1tajderpdgmdkxx*              	true 	619.8kB   	7 weeks ago
ziop6qo55n10jv4bfcwgxlqc2*              	true 	336B      	7 weeks ago
2m99ottdsdxuu1c3ymg9xdhmz*              	true 	8.33MB    	7 weeks ago
ng654zq13y6knszn69bu7zpjr*              	true 	1.029kB   	7 weeks ago
3fvx547hida18nv7wbkkuisxn*              	true 	1.029kB   	7 weeks ago
bfi1rcnoncmk9x5j5zqga4tzc*              	true 	307B      	6 months ago
lf57xtpohlup8cppbakjnm1dg*              	true 	205.9kB   	11 months ago
6i275k50twbdor5gltv02d21e*              	true 	1.029kB   	7 weeks ago
wxd6by08hqka3sng3n7fakikc*              	true 	138.4MB   	5 weeks ago
mx8j2yl4rypzlr6ft2eqvn727*              	true 	860.9kB   	5 weeks ago
5tuy6ogolh1l1ku2yst9va8di*              	true 	365.5MB   	4 months ago
ey20b78wtxr56mve3w8vzpuzu*              	true 	974.4MB   	4 months ago
t7wp3i2iq4k2mf9sllmp0371t*              	true 	778B      	15 months ago
4a3sdl1tdiew714io9w40udur*              	true 	112MB     	12 months ago
q1n2bpxmxhhzv0ssl54si6nhr*              	true 	1.036kB   	7 weeks ago
wlr5lhrogvs7alg2op65el95h*              	true 	0B        	5 weeks ago
ala2lwumh20rpspahebuum90t*              	true 	235B      	5 weeks ago
hh27e0bbx1ws1b7rl7wmsfa51*              	true 	336B      	7 weeks ago
9fdr2hu996vqy6fselk3506r6*              	true 	407.3MB   	5 weeks ago
mmj1tc0fwkubhlp1dcmfg166t*              	true 	105.7MB   	5 months ago
ujrfa7qpy4491pmrqzrmwpavr*              	true 	336B      	7 weeks ago
qej5gr4m7m6a9szzq46q5ccmp*              	true 	203kB     	11 months ago
kt1cd7zi8yhtqyekwkdiww6h8*              	true 	8.33MB    	7 weeks ago
yq4fvkzenguvinwppconfxeuc*              	true 	3.364kB   	5 months ago
rci2lo2wmv4kg7b8vhwmsfzrp*              	true 	190.1MB   	5 weeks ago
bz8z8x8ji3bdunnlaqhvkhl3c*              	true 	8.33MB    	7 weeks ago
mu2df76tcz45scvzzz9qlqmml*              	true 	336B      	7 weeks ago
t17uhvxqnzea48tg2ijbi94bs*              	true 	420.9kB   	7 weeks ago
o9wf07kmifn3tza24g1rdu72c*              	true 	63.67MB   	5 weeks ago
r0u78lxkgdckwabnfmuk76wzl*              	true 	538.4kB   	7 weeks ago
qa75wvgod8qoddho759qzjc06*              	true 	420.9kB   	7 weeks ago
tmce6fyjq0dn7dvmy7ykxix97*              	true 	441.9kB   	7 weeks ago
4br66ccfiv1u5kpculnd6ihfz*              	true 	105.7MB   	5 months ago
9wx3n9rcvr0zliyjcjwmh787h*              	true 	1.029kB   	7 weeks ago
ya1xo8b3ig0xrhvs0c09pjat6*              	true 	0B        	11 months ago
r3wziy592r3tfmyuj4f9ta9lv*              	true 	441.9kB   	7 weeks ago
utalcmvu5avoz1ybcxyc187pu*              	true 	105.7MB   	5 months ago
ugk5yc7xqm0xnyzkx92jmgbgi*              	true 	106.8MB   	4 months ago
os5nxcjn28yjjtjdpfuhvkwll*              	true 	354B      	11 months ago
l2599js67atx2rcq2j1zv1hnj*              	true 	431.3MB   	7 weeks ago
m1llhya9866mvhtod4is0eqsg*              	true 	1.029kB   	7 weeks ago
tjffke59fy26u9qqklqyf3fpy*              	true 	431.3MB   	7 weeks ago
n3u7prgsuwyiy7f20e3dc0pzn*              	true 	336B      	7 weeks ago
su15d9cp3fybjuf2i8wijjbmu*              	true 	430.8MB   	7 weeks ago
txdf54s78qgssh9mslxm26duy*              	true 	27.87MB   	5 weeks ago
vbnlp0bmatmx4v27yczlkw91j*              	true 	354B      	11 months ago
xlmxmw21e1sl007xln9ifw2av*              	true 	397.9MB   	5 weeks ago
8lqg3idii3cpsk1wu4kuz3ndd*              	true 	201.6kB   	11 months ago
m63ny0odfktr5i095mvv9f0bf*              	true 	0B        	12 months ago
qtpiugmiujtcjhhftciyhtxu5*              	true 	354B      	11 months ago
4ll733zi3m6mbahh6cof860oe*              	true 	441.9kB   	7 weeks ago
a4lwsg6puidwj5b7w08bzuny4*              	true 	1.793GB   	5 months ago
3z7kt10ld7fpve6u1yjxw0tf3*              	true 	895.2kB   	5 months ago
kbiz1w2cchsbz747hb8ykk95a*              	true 	0B        	5 months ago
qitu1j66lwhawiv2r2sk5w95b*              	true 	336B      	7 weeks ago
jpz110cq8z7pccgjqfhrfa8d3*              	true 	336B      	7 weeks ago
wvcbxoctzl1srw1rpjvv8gjtk*              	true 	1.029kB   	7 weeks ago
w22dzcy28c34ximxsrkdfm3ri*              	true 	354B      	11 months ago
cpned561qe1l8ok1yl0ptjuxi*              	true 	8.767MB   	7 weeks ago
2wmr4izsjuf507bls2zkyzp35*              	true 	321B      	15 months ago
nbmwcnlwxkvxz0b2g70y0y0vt*              	true 	369B      	12 months ago
8kic9qwmavtuldwwzi8jovnx8*              	true 	204.6kB   	11 months ago
pecw0svr0dtefdxhfdesxjlue*              	true 	105.7MB   	5 months ago
3y417ix0l3kgmkbojlvf8clko*              	true 	441.9kB   	7 weeks ago
yokni13id85dblulyuc4atwgb*              	true 	336B      	7 weeks ago
r8qv893zzdds51zkkc8mgaym9*              	true 	1.782GB   	5 months ago
sqb9koli053ubymbjc84ikxh1*              	true 	1.783GB   	5 weeks ago
xw4lq937lckeyt60c2kb270eb*              	true 	1.029kB   	7 weeks ago
xm9re9q9gtbx5uc18ci7cpu9u*              	true 	1.029kB   	7 weeks ago
l5khb72syagfe9qxbdn6gua3t*              	true 	0B        	11 months ago
y4iyl0znjx05u2i43suz2xato*              	true 	0B        	6 months ago
cboq4jhx02c152f008e09zwzt*              	true 	0B        	11 months ago
vp7w0ke5cl314bj6u87g4wv7j*              	true 	105.7MB   	5 months ago
lfij2v4eemy35o7n6w1fbjm78*              	true 	619.8kB   	7 weeks ago
bg8hbmwry93dzyzlhngr873f4*              	true 	1.036kB   	7 weeks ago
pf0h6i2fpa6o39ee50gj3ffqt*              	true 	0B        	15 months ago
j704uxl74jcmlrbpaoe2ymegl*              	true 	520.5MB   	7 weeks ago
hpr6n6c51z6eqefhdh36x0l0v*              	true 	0B        	11 months ago
Total:	10.52GB
