Command: ['volta', 'run', '--node', '22.16.0', 'pnpm', '--filter', '@ctxpipe/backend', 'exec', 'openworkflow', 'worker', 'start']
◐ Starting worker...
[dotenv@17.3.1] injecting env (0) from .env.local -- tip: 🤖 agentic secret storage: https://dotenvx.com/as2
[dotenv@17.3.1] injecting env (0) from .env -- tip: ⚡️ secrets for agents: https://dotenvx.com/as2
11:55:46.788 INFO [ctxpipe-backend] in 3ms
  ├─ component: openworkflow-worker
  ├─ step: openworkflow.config-loaded
  ├─ pid: 30379
  ├─ cwd: /private/tmp/ctxpipe-recovery-01a07aba/apps/backend
  └─ requestLogs: 0={"level":"info","message":"openworkflow worker config loaded","timestamp":"2026-09-07T11:55:46.785Z"}
ℹ Discovering workflows from: ./src/openworkflow/workflows
ℹ Found 20 workflow file(s)
✔ Loaded 20 workflow(s): confluence-sync-config, confluence-sync-content, confluence-sync-space, forge-provision, linear-sync-config, linear-sync-content, linear-sync-entity, notion-sync-config, notion-sync-content, notion-sync-entity, repository-deletion, repository-index, repository-ingestion-orchestrator, repository-ingestion, slack-mention-agent, workspace-commit-projection, workspace-hydrate, workspace-index, workspace-tip-check, workspace-write-commit
✔ Worker started.
11:58:26.274 INFO [ctxpipe-backend] in 1ms
  ├─ workflow: repository-index
  ├─ repositoryId: repo_agqhxompxzz35lhy2xeqm4y4ou
  ├─ orgId: org_agqhxntuar2ftm42dgu2uu5zl4
  ├─ step: repository-index.start
  ├─ component: openworkflow-worker
  ├─ at: 2026-09-07T11:58:26.274Z
  ├─ pid: 30379
  ├─ targetHash: c331b30e9b59bb75552eb3c9501d6b499be940c2
  └─ requestLogs: 0={"level":"info","message":"repository-index.start","timestamp":"2026-09-07T11:58:26.274Z"}
11:58:26.434 INFO [ctxpipe-backend]
  ├─ step: http.transient_retry
  ├─ attempt: 1
  ├─ maxAttempts: 11
  ├─ delayMs: 246
  ├─ message: fetch failed
  ├─ errno: ENOTFOUND
  └─ cause: getaddrinfo ENOTFOUND codesearch
11:58:26.685 INFO [ctxpipe-backend]
  ├─ step: http.transient_retry
  ├─ attempt: 2
  ├─ maxAttempts: 11
  ├─ delayMs: 415
  ├─ message: fetch failed
  ├─ errno: ENOTFOUND
  └─ cause: getaddrinfo ENOTFOUND codesearch
11:58:27.104 INFO [ctxpipe-backend]
  ├─ step: http.transient_retry
  ├─ attempt: 3
  ├─ maxAttempts: 11
  ├─ delayMs: 876
  ├─ message: fetch failed
  ├─ errno: ENOTFOUND
  └─ cause: getaddrinfo ENOTFOUND codesearch
11:58:27.987 INFO [ctxpipe-backend]
  ├─ step: http.transient_retry
  ├─ attempt: 4
  ├─ maxAttempts: 11
  ├─ delayMs: 1660
  ├─ message: fetch failed
  ├─ errno: ENOTFOUND
  └─ cause: getaddrinfo ENOTFOUND codesearch
11:58:28.040 INFO [ctxpipe-backend] in 0ms
  ├─ workflow: repository-index
  ├─ repositoryId: repo_agqhxompxzz35lhy2xeqm4y4ou
  ├─ orgId: org_agqhxntuar2ftm42dgu2uu5zl4
  ├─ step: repository-index.start
  ├─ component: openworkflow-worker
  ├─ at: 2026-09-07T11:58:28.040Z
  ├─ pid: 30379
  ├─ targetHash: c331b30e9b59bb75552eb3c9501d6b499be940c2
  └─ requestLogs: 0={"level":"info","message":"repository-index.start","timestamp":"2026-09-07T11:58:28.040Z"}
11:58:28.060 INFO [ctxpipe-backend]
  ├─ step: http.transient_retry
  ├─ attempt: 1
  ├─ maxAttempts: 11
  ├─ delayMs: 221
  ├─ message: fetch failed
  ├─ errno: ENOTFOUND
  └─ cause: getaddrinfo ENOTFOUND codesearch
11:58:28.286 INFO [ctxpipe-backend]
  ├─ step: http.transient_retry
  ├─ attempt: 2
  ├─ maxAttempts: 11
  ├─ delayMs: 436
  ├─ message: fetch failed
  ├─ errno: ENOTFOUND
  └─ cause: getaddrinfo ENOTFOUND codesearch
11:58:28.732 INFO [ctxpipe-backend]
  ├─ step: http.transient_retry
  ├─ attempt: 3
  ├─ maxAttempts: 11
  ├─ delayMs: 838
  ├─ message: fetch failed
  ├─ errno: ENOTFOUND
  └─ cause: getaddrinfo ENOTFOUND codesearch
11:58:29.579 INFO [ctxpipe-backend]
  ├─ step: http.transient_retry
  ├─ attempt: 4
  ├─ maxAttempts: 11
  ├─ delayMs: 1673
  ├─ message: fetch failed
  ├─ errno: ENOTFOUND
  └─ cause: getaddrinfo ENOTFOUND codesearch
11:58:29.656 INFO [ctxpipe-backend]
  ├─ step: http.transient_retry
  ├─ attempt: 5
  ├─ maxAttempts: 11
  ├─ delayMs: 3277
  ├─ message: fetch failed
  ├─ errno: ENOTFOUND
  └─ cause: getaddrinfo ENOTFOUND codesearch
11:58:31.264 INFO [ctxpipe-backend]
  ├─ step: http.transient_retry
  ├─ attempt: 5
  ├─ maxAttempts: 11
  ├─ delayMs: 3244
  ├─ message: fetch failed
  ├─ errno: ENOTFOUND
  └─ cause: getaddrinfo ENOTFOUND codesearch
11:58:32.941 INFO [ctxpipe-backend]
  ├─ step: http.transient_retry
  ├─ attempt: 6
  ├─ maxAttempts: 11
  ├─ delayMs: 6449
  ├─ message: fetch failed
  ├─ errno: ENOTFOUND
  └─ cause: getaddrinfo ENOTFOUND codesearch
11:58:34.514 INFO [ctxpipe-backend]
  ├─ step: http.transient_retry
  ├─ attempt: 6
  ├─ maxAttempts: 11
  ├─ delayMs: 6439
  ├─ message: fetch failed
  ├─ errno: ENOTFOUND
  └─ cause: getaddrinfo ENOTFOUND codesearch
11:58:39.397 INFO [ctxpipe-backend]
  ├─ step: http.transient_retry
  ├─ attempt: 7
  ├─ maxAttempts: 11
  ├─ delayMs: 12856
  ├─ message: fetch failed
  ├─ errno: ENOTFOUND
  └─ cause: getaddrinfo ENOTFOUND codesearch
11:58:40.958 INFO [ctxpipe-backend]
  ├─ step: http.transient_retry
  ├─ attempt: 7
  ├─ maxAttempts: 11
  ├─ delayMs: 12854
  ├─ message: fetch failed
  ├─ errno: ENOTFOUND
  └─ cause: getaddrinfo ENOTFOUND codesearch
11:58:52.264 INFO [ctxpipe-backend]
  ├─ step: http.transient_retry
  ├─ attempt: 8
  ├─ maxAttempts: 11
  ├─ delayMs: 25634
  ├─ message: fetch failed
  ├─ errno: ENOTFOUND
  └─ cause: getaddrinfo ENOTFOUND codesearch
11:58:53.818 INFO [ctxpipe-backend]
  ├─ step: http.transient_retry
  ├─ attempt: 8
  ├─ maxAttempts: 11
  ├─ delayMs: 25635
  ├─ message: fetch failed
  ├─ errno: ENOTFOUND
  └─ cause: getaddrinfo ENOTFOUND codesearch
11:59:17.909 INFO [ctxpipe-backend]
  ├─ step: http.transient_retry
  ├─ attempt: 9
  ├─ maxAttempts: 11
  ├─ delayMs: 30000
  ├─ message: fetch failed
  ├─ errno: ENOTFOUND
  └─ cause: getaddrinfo ENOTFOUND codesearch
11:59:19.460 INFO [ctxpipe-backend]
  ├─ step: http.transient_retry
  ├─ attempt: 9
  ├─ maxAttempts: 11
  ├─ delayMs: 30000
  ├─ message: fetch failed
  ├─ errno: ENOTFOUND
  └─ cause: getaddrinfo ENOTFOUND codesearch
11:59:47.923 INFO [ctxpipe-backend]
  ├─ step: http.transient_retry
  ├─ attempt: 10
  ├─ maxAttempts: 11
  ├─ delayMs: 30000
  ├─ message: fetch failed
  ├─ errno: ENOTFOUND
  └─ cause: getaddrinfo ENOTFOUND codesearch
11:59:49.468 INFO [ctxpipe-backend]
  ├─ step: http.transient_retry
  ├─ attempt: 10
  ├─ maxAttempts: 11
  ├─ delayMs: 30000
  ├─ message: fetch failed
  ├─ errno: ENOTFOUND
  └─ cause: getaddrinfo ENOTFOUND codesearch
12:00:17.939 INFO [ctxpipe-backend]
  ├─ step: repository-index.memory_exceeded
  ├─ path: /index/clone-checkout
  ├─ repositoryId: repo_agqhxompxzz35lhy2xeqm4y4ou
  └─ error: fetch failed
12:00:17.942 ERROR [ctxpipe-backend] in 111.67s
  ├─ workflow: repository-index
  ├─ repositoryId: repo_agqhxompxzz35lhy2xeqm4y4ou
  ├─ orgId: org_agqhxntuar2ftm42dgu2uu5zl4
  ├─ step: repository-index.step.clone-checkout.attempt_failed
  ├─ stepName: clone-checkout
  ├─ errMessage: Codebase didn't fit available memory
  ├─ errName: Error
  ├─ stack: Error: Codebase didn't fit available memory
    at codesearchPhaseFetch (/private/tmp/ctxpipe-recovery-01a07aba/apps/backend/src/domain/codeIngestion/codesearchIndexPhases.ts:80:13)
    at process.processTicksAndRejections (node:internal/process/task_queues:105:5)
    at async codesearchIndexCloneCheckout (/private/tmp/ctxpipe-recovery-01a07aba/apps/backend/src/domain/codeIngestion/codesearchIndexPhases.ts:137:15)
    at async withLoggedStepAttempt (/private/tmp/ctxpipe-recovery-01a07aba/apps/backend/src/openworkflow/withLoggedStepAttempt.ts:16:12)
    at async StepExecutor.run (file:///private/tmp/ctxpipe-recovery-01a07aba/node_modules/.pnpm/openworkflow@0.8.0_postgres@3.4.8/node_modules/openworkflow/dist/worker/execution.js:433:28)
    at async /private/tmp/ctxpipe-recovery-01a07aba/apps/backend/src/openworkflow/workflows/repository-index.ts:125:24
    at async /private/tmp/ctxpipe-recovery-01a07aba/apps/backend/src/observability/logger.ts:131:14
    at async executeWorkflow (file://
  └─ error: name=Error message=Codebase didn't fit available memory stack=Error: Codebase didn't fit available memory
    at codesearchPhaseFetch (/private/tmp/ctxpipe-recovery-01a07aba/apps/backend/src/domain/codeIngestion/codesearchIndexPhases.ts:80:13)
    at process.processTicksAndRejections (node:internal/process/task_queues:105:5)
    at async codesearchIndexCloneCheckout (/private/tmp/ctxpipe-recovery-01a07aba/apps/backend/src/domain/codeIngestion/codesearchIndexPhases.ts:137:15)
    at async withLoggedStepAttempt (/private/tmp/ctxpipe-recovery-01a07aba/apps/backend/src/openworkflow/withLoggedStepAttempt.ts:16:12)
    at async StepExecutor.run (file:///private/tmp/ctxpipe-recovery-01a07aba/node_modules/.pnpm/openworkflow@0.8.0_postgres@3.4.8/node_modules/openworkflow/dist/worker/execution.js:433:28)
    at async /private/tmp/ctxpipe-recovery-01a07aba/apps/backend/src/openworkflow/workflows/repository-index.ts:125:24
    at async /private/tmp/ctxpipe-recovery-01a07aba/apps/backend/src/observability/logger.ts:131:14
    at async executeWorkflow (file:///private/tmp/ctxpipe-recovery-01a07aba/node_modules/.pnpm/openworkflow@0.8.0_postgres@3.4.8/node_modules/openworkflow/dist/worker/execution.js:759:24)
    at async Worker.processExecutionInBackground (file:///private/tmp/ctxpipe-recovery-01a07aba/node_modules/.pnpm/openworkflow@0.8.0_postgres@3.4.8/node_modules/openworkflow/dist/worker/worker.js:176:13) cause={}
[evlog] log.emit() called after the wide event was emitted — Ignoring duplicate emit. This data will not appear in observability. For intentional background work tied to this request, use log.fork('label', fn) when your integration supports it (see https://evlog.dev).
12:00:19.476 INFO [ctxpipe-backend]
  ├─ step: repository-index.memory_exceeded
  ├─ path: /index/clone-checkout
  ├─ repositoryId: repo_agqhxompxzz35lhy2xeqm4y4ou
  └─ error: fetch failed
12:00:19.477 ERROR [ctxpipe-backend] in 111.44s
  ├─ workflow: repository-index
  ├─ repositoryId: repo_agqhxompxzz35lhy2xeqm4y4ou
  ├─ orgId: org_agqhxntuar2ftm42dgu2uu5zl4
  ├─ step: repository-index.step.clone-checkout.attempt_failed
  ├─ stepName: clone-checkout
  ├─ errMessage: Codebase didn't fit available memory
  ├─ errName: Error
  ├─ stack: Error: Codebase didn't fit available memory
    at codesearchPhaseFetch (/private/tmp/ctxpipe-recovery-01a07aba/apps/backend/src/domain/codeIngestion/codesearchIndexPhases.ts:80:13)
    at process.processTicksAndRejections (node:internal/process/task_queues:105:5)
    at async codesearchIndexCloneCheckout (/private/tmp/ctxpipe-recovery-01a07aba/apps/backend/src/domain/codeIngestion/codesearchIndexPhases.ts:137:15)
    at async withLoggedStepAttempt (/private/tmp/ctxpipe-recovery-01a07aba/apps/backend/src/openworkflow/withLoggedStepAttempt.ts:16:12)
    at async StepExecutor.run (file:///private/tmp/ctxpipe-recovery-01a07aba/node_modules/.pnpm/openworkflow@0.8.0_postgres@3.4.8/node_modules/openworkflow/dist/worker/execution.js:433:28)
    at async /private/tmp/ctxpipe-recovery-01a07aba/apps/backend/src/openworkflow/workflows/repository-index.ts:125:24
    at async /private/tmp/ctxpipe-recovery-01a07aba/apps/backend/src/observability/logger.ts:131:14
    at async executeWorkflow (file://
  └─ error: name=Error message=Codebase didn't fit available memory stack=Error: Codebase didn't fit available memory
    at codesearchPhaseFetch (/private/tmp/ctxpipe-recovery-01a07aba/apps/backend/src/domain/codeIngestion/codesearchIndexPhases.ts:80:13)
    at process.processTicksAndRejections (node:internal/process/task_queues:105:5)
    at async codesearchIndexCloneCheckout (/private/tmp/ctxpipe-recovery-01a07aba/apps/backend/src/domain/codeIngestion/codesearchIndexPhases.ts:137:15)
    at async withLoggedStepAttempt (/private/tmp/ctxpipe-recovery-01a07aba/apps/backend/src/openworkflow/withLoggedStepAttempt.ts:16:12)
    at async StepExecutor.run (file:///private/tmp/ctxpipe-recovery-01a07aba/node_modules/.pnpm/openworkflow@0.8.0_postgres@3.4.8/node_modules/openworkflow/dist/worker/execution.js:433:28)
    at async /private/tmp/ctxpipe-recovery-01a07aba/apps/backend/src/openworkflow/workflows/repository-index.ts:125:24
    at async /private/tmp/ctxpipe-recovery-01a07aba/apps/backend/src/observability/logger.ts:131:14
    at async executeWorkflow (file:///private/tmp/ctxpipe-recovery-01a07aba/node_modules/.pnpm/openworkflow@0.8.0_postgres@3.4.8/node_modules/openworkflow/dist/worker/execution.js:759:24)
    at async Worker.processExecutionInBackground (file:///private/tmp/ctxpipe-recovery-01a07aba/node_modules/.pnpm/openworkflow@0.8.0_postgres@3.4.8/node_modules/openworkflow/dist/worker/worker.js:176:13) cause={}
[evlog] log.emit() called after the wide event was emitted — Ignoring duplicate emit. This data will not appear in observability. For intentional background work tied to this request, use log.fork('label', fn) when your integration supports it (see https://evlog.dev).
12:00:48.415 INFO [ctxpipe-backend] in 0ms
  ├─ workflow: repository-index
  ├─ repositoryId: repo_agqhxompxzz35lhy2xeqm4y4ou
  ├─ orgId: org_agqhxntuar2ftm42dgu2uu5zl4
  ├─ step: repository-index.start
  ├─ component: openworkflow-worker
  ├─ at: 2026-09-07T12:00:48.415Z
  ├─ pid: 30379
  ├─ targetHash: c331b30e9b59bb75552eb3c9501d6b499be940c2
  └─ requestLogs: 0={"level":"info","message":"repository-index.start","timestamp":"2026-09-07T12:00:48.415Z"}
12:00:48.445 INFO [ctxpipe-backend]
  ├─ step: http.transient_retry
  ├─ attempt: 1
  ├─ maxAttempts: 11
  ├─ delayMs: 249
  ├─ message: fetch failed
  ├─ errno: ENOTFOUND
  └─ cause: getaddrinfo ENOTFOUND codesearch
12:00:48.700 INFO [ctxpipe-backend]
  ├─ step: http.transient_retry
  ├─ attempt: 2
  ├─ maxAttempts: 11
  ├─ delayMs: 417
  ├─ message: fetch failed
  ├─ errno: ENOTFOUND
  └─ cause: getaddrinfo ENOTFOUND codesearch
12:00:49.124 INFO [ctxpipe-backend]
  ├─ step: http.transient_retry
  ├─ attempt: 3
  ├─ maxAttempts: 11
  ├─ delayMs: 825
  ├─ message: fetch failed
  ├─ errno: ENOTFOUND
  └─ cause: getaddrinfo ENOTFOUND codesearch
12:00:49.960 INFO [ctxpipe-backend]
  ├─ step: http.transient_retry
  ├─ attempt: 4
  ├─ maxAttempts: 11
  ├─ delayMs: 1613
  ├─ message: fetch failed
  ├─ errno: ENOTFOUND
  └─ cause: getaddrinfo ENOTFOUND codesearch
12:00:50.420 INFO [ctxpipe-backend] in 0ms
  ├─ workflow: repository-index
  ├─ repositoryId: repo_agqhxompxzz35lhy2xeqm4y4ou
  ├─ orgId: org_agqhxntuar2ftm42dgu2uu5zl4
  ├─ step: repository-index.start
  ├─ component: openworkflow-worker
  ├─ at: 2026-09-07T12:00:50.420Z
  ├─ pid: 30379
  ├─ targetHash: c331b30e9b59bb75552eb3c9501d6b499be940c2
  └─ requestLogs: 0={"level":"info","message":"repository-index.start","timestamp":"2026-09-07T12:00:50.420Z"}
12:00:50.435 INFO [ctxpipe-backend]
  ├─ step: http.transient_retry
  ├─ attempt: 1
  ├─ maxAttempts: 11
  ├─ delayMs: 277
  ├─ message: fetch failed
  ├─ errno: ENOTFOUND
  └─ cause: getaddrinfo ENOTFOUND codesearch
12:00:50.718 INFO [ctxpipe-backend]
  ├─ step: http.transient_retry
  ├─ attempt: 2
  ├─ maxAttempts: 11
  ├─ delayMs: 403
  ├─ message: fetch failed
  ├─ errno: ENOTFOUND
  └─ cause: getaddrinfo ENOTFOUND codesearch
12:00:51.129 INFO [ctxpipe-backend]
  ├─ step: http.transient_retry
  ├─ attempt: 3
  ├─ maxAttempts: 11
  ├─ delayMs: 866
  ├─ message: fetch failed
  ├─ errno: ENOTFOUND
  └─ cause: getaddrinfo ENOTFOUND codesearch
12:00:51.577 INFO [ctxpipe-backend]
  ├─ step: http.transient_retry
  ├─ attempt: 5
  ├─ maxAttempts: 11
  ├─ delayMs: 3268
  ├─ message: fetch failed
  ├─ errno: ENOTFOUND
  └─ cause: getaddrinfo ENOTFOUND codesearch
12:00:52.005 INFO [ctxpipe-backend]
  ├─ step: http.transient_retry
  ├─ attempt: 4
  ├─ maxAttempts: 11
  ├─ delayMs: 1638
  ├─ message: fetch failed
  ├─ errno: ENOTFOUND
  └─ cause: getaddrinfo ENOTFOUND codesearch
12:00:53.648 INFO [ctxpipe-backend]
  ├─ step: http.transient_retry
  ├─ attempt: 5
  ├─ maxAttempts: 11
  ├─ delayMs: 3246
  ├─ message: fetch failed
  ├─ errno: ENOTFOUND
  └─ cause: getaddrinfo ENOTFOUND codesearch
12:00:54.853 INFO [ctxpipe-backend]
  ├─ step: http.transient_retry
  ├─ attempt: 6
  ├─ maxAttempts: 11
  ├─ delayMs: 6404
  ├─ message: fetch failed
  ├─ errno: ENOTFOUND
  └─ cause: getaddrinfo ENOTFOUND codesearch
12:00:56.902 INFO [ctxpipe-backend]
  ├─ step: http.transient_retry
  ├─ attempt: 6
  ├─ maxAttempts: 11
  ├─ delayMs: 6443
  ├─ message: fetch failed
  ├─ errno: ENOTFOUND
  └─ cause: getaddrinfo ENOTFOUND codesearch
12:01:01.265 INFO [ctxpipe-backend]
  ├─ step: http.transient_retry
  ├─ attempt: 7
  ├─ maxAttempts: 11
  ├─ delayMs: 12860
  ├─ message: fetch failed
  ├─ errno: ENOTFOUND
  └─ cause: getaddrinfo ENOTFOUND codesearch
12:01:03.353 INFO [ctxpipe-backend]
  ├─ step: http.transient_retry
  ├─ attempt: 7
  ├─ maxAttempts: 11
  ├─ delayMs: 12819
  ├─ message: fetch failed
  ├─ errno: ENOTFOUND
  └─ cause: getaddrinfo ENOTFOUND codesearch
12:01:14.139 INFO [ctxpipe-backend]
  ├─ step: http.transient_retry
  ├─ attempt: 8
  ├─ maxAttempts: 11
  ├─ delayMs: 25668
  ├─ message: fetch failed
  ├─ errno: ENOTFOUND
  └─ cause: getaddrinfo ENOTFOUND codesearch
12:01:16.178 INFO [ctxpipe-backend]
  ├─ step: http.transient_retry
  ├─ attempt: 8
  ├─ maxAttempts: 11
  ├─ delayMs: 25607
  ├─ message: fetch failed
  ├─ errno: ENOTFOUND
  └─ cause: getaddrinfo ENOTFOUND codesearch
12:01:39.818 INFO [ctxpipe-backend]
  ├─ step: http.transient_retry
  ├─ attempt: 9
  ├─ maxAttempts: 11
  ├─ delayMs: 30000
  ├─ message: fetch failed
  ├─ errno: ENOTFOUND
  └─ cause: getaddrinfo ENOTFOUND codesearch
12:01:41.793 INFO [ctxpipe-backend]
  ├─ step: http.transient_retry
  ├─ attempt: 9
  ├─ maxAttempts: 11
  ├─ delayMs: 30000
  ├─ message: fetch failed
  ├─ errno: ENOTFOUND
  └─ cause: getaddrinfo ENOTFOUND codesearch
12:02:09.829 INFO [ctxpipe-backend]
  ├─ step: http.transient_retry
  ├─ attempt: 10
  ├─ maxAttempts: 11
  ├─ delayMs: 30000
  ├─ message: fetch failed
  ├─ errno: ENOTFOUND
  └─ cause: getaddrinfo ENOTFOUND codesearch
12:02:11.799 INFO [ctxpipe-backend]
  ├─ step: http.transient_retry
  ├─ attempt: 10
  ├─ maxAttempts: 11
  ├─ delayMs: 30000
  ├─ message: fetch failed
  ├─ errno: ENOTFOUND
  └─ cause: getaddrinfo ENOTFOUND codesearch
12:02:39.843 INFO [ctxpipe-backend]
  ├─ step: repository-index.memory_exceeded
  ├─ path: /index/clone-checkout
  ├─ repositoryId: repo_agqhxompxzz35lhy2xeqm4y4ou
  └─ error: fetch failed
12:02:39.844 ERROR [ctxpipe-backend] in 111.43s
  ├─ workflow: repository-index
  ├─ repositoryId: repo_agqhxompxzz35lhy2xeqm4y4ou
  ├─ orgId: org_agqhxntuar2ftm42dgu2uu5zl4
  ├─ step: repository-index.step.clone-checkout.attempt_failed
  ├─ stepName: clone-checkout
  ├─ errMessage: Codebase didn't fit available memory
  ├─ errName: Error
  ├─ stack: Error: Codebase didn't fit available memory
    at codesearchPhaseFetch (/private/tmp/ctxpipe-recovery-01a07aba/apps/backend/src/domain/codeIngestion/codesearchIndexPhases.ts:80:13)
    at process.processTicksAndRejections (node:internal/process/task_queues:105:5)
    at async codesearchIndexCloneCheckout (/private/tmp/ctxpipe-recovery-01a07aba/apps/backend/src/domain/codeIngestion/codesearchIndexPhases.ts:137:15)
    at async withLoggedStepAttempt (/private/tmp/ctxpipe-recovery-01a07aba/apps/backend/src/openworkflow/withLoggedStepAttempt.ts:16:12)
    at async StepExecutor.run (file:///private/tmp/ctxpipe-recovery-01a07aba/node_modules/.pnpm/openworkflow@0.8.0_postgres@3.4.8/node_modules/openworkflow/dist/worker/execution.js:433:28)
    at async /private/tmp/ctxpipe-recovery-01a07aba/apps/backend/src/openworkflow/workflows/repository-index.ts:125:24
    at async /private/tmp/ctxpipe-recovery-01a07aba/apps/backend/src/observability/logger.ts:131:14
    at async executeWorkflow (file://
  └─ error: name=Error message=Codebase didn't fit available memory stack=Error: Codebase didn't fit available memory
    at codesearchPhaseFetch (/private/tmp/ctxpipe-recovery-01a07aba/apps/backend/src/domain/codeIngestion/codesearchIndexPhases.ts:80:13)
    at process.processTicksAndRejections (node:internal/process/task_queues:105:5)
    at async codesearchIndexCloneCheckout (/private/tmp/ctxpipe-recovery-01a07aba/apps/backend/src/domain/codeIngestion/codesearchIndexPhases.ts:137:15)
    at async withLoggedStepAttempt (/private/tmp/ctxpipe-recovery-01a07aba/apps/backend/src/openworkflow/withLoggedStepAttempt.ts:16:12)
    at async StepExecutor.run (file:///private/tmp/ctxpipe-recovery-01a07aba/node_modules/.pnpm/openworkflow@0.8.0_postgres@3.4.8/node_modules/openworkflow/dist/worker/execution.js:433:28)
    at async /private/tmp/ctxpipe-recovery-01a07aba/apps/backend/src/openworkflow/workflows/repository-index.ts:125:24
    at async /private/tmp/ctxpipe-recovery-01a07aba/apps/backend/src/observability/logger.ts:131:14
    at async executeWorkflow (file:///private/tmp/ctxpipe-recovery-01a07aba/node_modules/.pnpm/openworkflow@0.8.0_postgres@3.4.8/node_modules/openworkflow/dist/worker/execution.js:759:24)
    at async Worker.processExecutionInBackground (file:///private/tmp/ctxpipe-recovery-01a07aba/node_modules/.pnpm/openworkflow@0.8.0_postgres@3.4.8/node_modules/openworkflow/dist/worker/worker.js:176:13) cause={}
[evlog] log.emit() called after the wide event was emitted — Ignoring duplicate emit. This data will not appear in observability. For intentional background work tied to this request, use log.fork('label', fn) when your integration supports it (see https://evlog.dev).
12:02:41.804 INFO [ctxpipe-backend]
  ├─ step: repository-index.memory_exceeded
  ├─ path: /index/clone-checkout
  ├─ repositoryId: repo_agqhxompxzz35lhy2xeqm4y4ou
  └─ error: fetch failed
12:02:41.804 ERROR [ctxpipe-backend] in 111.38s
  ├─ workflow: repository-index
  ├─ repositoryId: repo_agqhxompxzz35lhy2xeqm4y4ou
  ├─ orgId: org_agqhxntuar2ftm42dgu2uu5zl4
  ├─ step: repository-index.step.clone-checkout.attempt_failed
  ├─ stepName: clone-checkout
  ├─ errMessage: Codebase didn't fit available memory
  ├─ errName: Error
  ├─ stack: Error: Codebase didn't fit available memory
    at codesearchPhaseFetch (/private/tmp/ctxpipe-recovery-01a07aba/apps/backend/src/domain/codeIngestion/codesearchIndexPhases.ts:80:13)
    at process.processTicksAndRejections (node:internal/process/task_queues:105:5)
    at async codesearchIndexCloneCheckout (/private/tmp/ctxpipe-recovery-01a07aba/apps/backend/src/domain/codeIngestion/codesearchIndexPhases.ts:137:15)
    at async withLoggedStepAttempt (/private/tmp/ctxpipe-recovery-01a07aba/apps/backend/src/openworkflow/withLoggedStepAttempt.ts:16:12)
    at async StepExecutor.run (file:///private/tmp/ctxpipe-recovery-01a07aba/node_modules/.pnpm/openworkflow@0.8.0_postgres@3.4.8/node_modules/openworkflow/dist/worker/execution.js:433:28)
    at async /private/tmp/ctxpipe-recovery-01a07aba/apps/backend/src/openworkflow/workflows/repository-index.ts:125:24
    at async /private/tmp/ctxpipe-recovery-01a07aba/apps/backend/src/observability/logger.ts:131:14
    at async executeWorkflow (file://
  └─ error: name=Error message=Codebase didn't fit available memory stack=Error: Codebase didn't fit available memory
    at codesearchPhaseFetch (/private/tmp/ctxpipe-recovery-01a07aba/apps/backend/src/domain/codeIngestion/codesearchIndexPhases.ts:80:13)
    at process.processTicksAndRejections (node:internal/process/task_queues:105:5)
    at async codesearchIndexCloneCheckout (/private/tmp/ctxpipe-recovery-01a07aba/apps/backend/src/domain/codeIngestion/codesearchIndexPhases.ts:137:15)
    at async withLoggedStepAttempt (/private/tmp/ctxpipe-recovery-01a07aba/apps/backend/src/openworkflow/withLoggedStepAttempt.ts:16:12)
    at async StepExecutor.run (file:///private/tmp/ctxpipe-recovery-01a07aba/node_modules/.pnpm/openworkflow@0.8.0_postgres@3.4.8/node_modules/openworkflow/dist/worker/execution.js:433:28)
    at async /private/tmp/ctxpipe-recovery-01a07aba/apps/backend/src/openworkflow/workflows/repository-index.ts:125:24
    at async /private/tmp/ctxpipe-recovery-01a07aba/apps/backend/src/observability/logger.ts:131:14
    at async executeWorkflow (file:///private/tmp/ctxpipe-recovery-01a07aba/node_modules/.pnpm/openworkflow@0.8.0_postgres@3.4.8/node_modules/openworkflow/dist/worker/execution.js:759:24)
    at async Worker.processExecutionInBackground (file:///private/tmp/ctxpipe-recovery-01a07aba/node_modules/.pnpm/openworkflow@0.8.0_postgres@3.4.8/node_modules/openworkflow/dist/worker/worker.js:176:13) cause={}
[evlog] log.emit() called after the wide event was emitted — Ignoring duplicate emit. This data will not appear in observability. For intentional background work tied to this request, use log.fork('label', fn) when your integration supports it (see https://evlog.dev).

 WARN  Shutting down worker...

✔ Worker stopped
