Scope: all 10 workspace projects
Lockfile is up to date, resolution step is skipped
Progress: resolved 1, reused 0, downloaded 0, added 0
Packages: +2658
++++++++++++++++++++++++++++++++++++++++++++++++++++++++++++++++++++++++++++++++
Progress: resolved 2658, reused 0, downloaded 61, added 60
Progress: resolved 2658, reused 0, downloaded 146, added 143
Progress: resolved 2658, reused 0, downloaded 199, added 196
Progress: resolved 2658, reused 0, downloaded 252, added 225
Progress: resolved 2658, reused 0, downloaded 331, added 238
Progress: resolved 2658, reused 0, downloaded 403, added 260
Progress: resolved 2658, reused 0, downloaded 524, added 280
Progress: resolved 2658, reused 0, downloaded 608, added 295
Progress: resolved 2658, reused 0, downloaded 707, added 315
Progress: resolved 2658, reused 0, downloaded 792, added 374
Progress: resolved 2658, reused 0, downloaded 835, added 449
Progress: resolved 2658, reused 0, downloaded 894, added 498
Progress: resolved 2658, reused 0, downloaded 933, added 552
Progress: resolved 2658, reused 0, downloaded 981, added 573
Progress: resolved 2658, reused 0, downloaded 1018, added 595
Progress: resolved 2658, reused 0, downloaded 1085, added 615
Progress: resolved 2658, reused 0, downloaded 1228, added 632
Progress: resolved 2658, reused 0, downloaded 1363, added 677
Progress: resolved 2658, reused 0, downloaded 1481, added 726
Progress: resolved 2658, reused 0, downloaded 1606, added 815
Progress: resolved 2658, reused 0, downloaded 1690, added 862
Progress: resolved 2658, reused 0, downloaded 1716, added 919
Progress: resolved 2658, reused 0, downloaded 1745, added 946
Progress: resolved 2658, reused 0, downloaded 1769, added 969
Progress: resolved 2658, reused 0, downloaded 1790, added 993
Progress: resolved 2658, reused 0, downloaded 1830, added 1002
Progress: resolved 2658, reused 0, downloaded 1888, added 1016
Progress: resolved 2658, reused 0, downloaded 1904, added 1023
Progress: resolved 2658, reused 0, downloaded 1954, added 1036
Progress: resolved 2658, reused 0, downloaded 1990, added 1080
Progress: resolved 2658, reused 0, downloaded 2069, added 1097
Progress: resolved 2658, reused 0, downloaded 2100, added 1117
Progress: resolved 2658, reused 0, downloaded 2136, added 1124
Progress: resolved 2658, reused 0, downloaded 2158, added 1152
Progress: resolved 2658, reused 0, downloaded 2182, added 1177
Progress: resolved 2658, reused 0, downloaded 2202, added 1274
Progress: resolved 2658, reused 0, downloaded 2225, added 1382
Progress: resolved 2658, reused 0, downloaded 2298, added 1430
Progress: resolved 2658, reused 0, downloaded 2396, added 1473
Progress: resolved 2658, reused 0, downloaded 2421, added 1532
Progress: resolved 2658, reused 0, downloaded 2440, added 1616
Progress: resolved 2658, reused 0, downloaded 2453, added 1633
Progress: resolved 2658, reused 0, downloaded 2473, added 1651
Progress: resolved 2658, reused 0, downloaded 2506, added 1690
Progress: resolved 2658, reused 0, downloaded 2562, added 1727
Progress: resolved 2658, reused 0, downloaded 2597, added 1754
Progress: resolved 2658, reused 0, downloaded 2614, added 1761
Progress: resolved 2658, reused 0, downloaded 2617, added 1786
Progress: resolved 2658, reused 0, downloaded 2617, added 1823
Progress: resolved 2658, reused 0, downloaded 2618, added 1836
Progress: resolved 2658, reused 0, downloaded 2618, added 1853
Progress: resolved 2658, reused 0, downloaded 2618, added 1907
Progress: resolved 2658, reused 0, downloaded 2618, added 1944
Progress: resolved 2658, reused 0, downloaded 2618, added 2007
Progress: resolved 2658, reused 0, downloaded 2618, added 2036
Progress: resolved 2658, reused 0, downloaded 2618, added 2112
Progress: resolved 2658, reused 0, downloaded 2618, added 2129
Progress: resolved 2658, reused 0, downloaded 2618, added 2137
Progress: resolved 2658, reused 0, downloaded 2618, added 2188
Progress: resolved 2658, reused 0, downloaded 2618, added 2248
Progress: resolved 2658, reused 0, downloaded 2618, added 2381
Progress: resolved 2658, reused 0, downloaded 2618, added 2476
Progress: resolved 2658, reused 0, downloaded 2618, added 2505
Progress: resolved 2658, reused 0, downloaded 2618, added 2526
Progress: resolved 2658, reused 0, downloaded 2618, added 2609
Progress: resolved 2658, reused 0, downloaded 2618, added 2644
Progress: resolved 2658, reused 0, downloaded 2618, added 2652
Progress: resolved 2658, reused 0, downloaded 2618, added 2654
Progress: resolved 2658, reused 0, downloaded 2618, added 2656
Progress: resolved 2658, reused 0, downloaded 2618, added 2657
Progress: resolved 2658, reused 0, downloaded 2618, added 2658, done
 WARN  Failed to create bin at /private/tmp/ctxpipe-recovery-01a07aba/node_modules/.pnpm/node_modules/.bin/arrow2csv. ENOENT: no such file or directory, open '/private/tmp/ctxpipe-recovery-01a07aba/node_modules/.pnpm/node_modules/apache-arrow/bin/arrow2csv.cjs'
 WARN  Failed to create bin at /private/tmp/ctxpipe-recovery-01a07aba/node_modules/.pnpm/@cosmograph+cosmograph@2.2.1_patch_hash=d64016c0891928c6f2a484566b608bec97ba8443d29c068_aea1c6ed6a0fa4ac01f0741f459f7c7d/node_modules/@cosmograph/cosmograph/node_modules/.bin/arrow2csv. ENOENT: no such file or directory, open '/private/tmp/ctxpipe-recovery-01a07aba/node_modules/.pnpm/apache-arrow@17.0.0/node_modules/apache-arrow/bin/arrow2csv.cjs'
 WARN  Failed to create bin at /private/tmp/ctxpipe-recovery-01a07aba/node_modules/.pnpm/@duckdb+duckdb-wasm@1.32.0/node_modules/@duckdb/duckdb-wasm/node_modules/.bin/arrow2csv. ENOENT: no such file or directory, open '/private/tmp/ctxpipe-recovery-01a07aba/node_modules/.pnpm/apache-arrow@17.0.0/node_modules/apache-arrow/bin/arrow2csv.cjs'
 WARN  Failed to create bin at /private/tmp/ctxpipe-recovery-01a07aba/node_modules/.pnpm/@duckdb+duckdb-wasm@1.30.0/node_modules/@duckdb/duckdb-wasm/node_modules/.bin/arrow2csv. ENOENT: no such file or directory, open '/private/tmp/ctxpipe-recovery-01a07aba/node_modules/.pnpm/apache-arrow@17.0.0/node_modules/apache-arrow/bin/arrow2csv.cjs'
 WARN  Failed to create bin at /private/tmp/ctxpipe-recovery-01a07aba/node_modules/.pnpm/@cosmograph+cosmograph@2.2.1_patch_hash=d64016c0891928c6f2a484566b608bec97ba8443d29c068_aea1c6ed6a0fa4ac01f0741f459f7c7d/node_modules/@cosmograph/cosmograph/node_modules/.bin/arrow2csv. ENOENT: no such file or directory, open '/private/tmp/ctxpipe-recovery-01a07aba/node_modules/.pnpm/apache-arrow@17.0.0/node_modules/apache-arrow/bin/arrow2csv.cjs'

devDependencies:
+ @biomejs/biome 2.4.4
+ @changesets/cli 2.31.0
+ concurrently 9.2.1
+ portless 0.9.4
+ turbo 2.10.11
+ typescript 5.9.3

╭ Warning ─────────────────────────────────────────────────────────────────────╮
│                                                                              │
│   Ignored build scripts: @forge/cli, @parcel/watcher, cloudflared,           │
│   core-js, cpu-features, esbuild, keytar, msw, protobufjs, sharp, ssh2.      │
│   Run "pnpm approve-builds" to pick which dependencies should be allowed     │
│   to run scripts.                                                            │
│                                                                              │
╰──────────────────────────────────────────────────────────────────────────────╯

Done in 1m 14.3s using pnpm v10.12.1
