Command: ["volta", "run", "--node", "22.16.0", "pnpm", "--filter", "@ctxpipe/ui", "build-storybook"]

> @ctxpipe/ui@0.2.0 build-storybook /private/tmp/ctxpipe-recovery-01a07aba/apps/ui
> storybook build


┌  Building storybook v10.3.5
│
◇  Cleaning outputDir: storybook-static
│
◇  Loading presets
│
◇  Building manager..
│
●  Building preview..
│
●  Copying static files: public at storybook-static
│  Vite vite v7.3.1 building client environment for production...
│  Vite transforming...
[33m[motionwind][0m /private/tmp/ctxpipe-recovery-01a07aba/apps/ui/src/features/workspaces/WorkspaceSettingsPane.tsx:91:6 — className uses a dynamic expression that may contain animate-* classes. These won't be compiled. Use template literals or the <mw.span> runtime component instead.
[33m[motionwind][0m /private/tmp/ctxpipe-recovery-01a07aba/apps/ui/src/features/workspaces/WorkspaceSettingsPane.tsx:82:6 — className uses a dynamic expression that may contain animate-* classes. These won't be compiled. Use template literals or the <mw.span> runtime component instead.
[33m[motionwind][0m /private/tmp/ctxpipe-recovery-01a07aba/apps/ui/src/components/ui/Button.tsx:136:14 — className uses a dynamic expression that may contain animate-* classes. These won't be compiled. Use template literals or the <mw.svg> runtime component instead.
[33m[motionwind][0m /private/tmp/ctxpipe-recovery-01a07aba/apps/ui/src/components/ui/Button.tsx:93:14 — className uses a dynamic expression that may contain animate-* classes. These won't be compiled. Use template literals or the <mw.svg> runtime component instead.
[33m[motionwind][0m /private/tmp/ctxpipe-recovery-01a07aba/apps/ui/src/components/ui/spinner.tsx:6:4 — className uses a dynamic expression that may contain animate-* classes. These won't be compiled. Use template literals or the <mw.IconLoader> runtime component instead.
[33m[motionwind][0m /private/tmp/ctxpipe-recovery-01a07aba/apps/ui/src/components/ui/spinner.tsx:7:9 — className uses a dynamic expression that may contain animate-* classes. These won't be compiled. Use template literals or the <mw.IconLoader> runtime component instead.
[33m[motionwind][0m /private/tmp/ctxpipe-recovery-01a07aba/apps/ui/src/components/ui/dropdown-menu.tsx:146:4 — className uses a dynamic expression that may contain animate-* classes. These won't be compiled. Use template literals or the <mw.DropdownMenuContent> runtime component instead.
[33m[motionwind][0m /private/tmp/ctxpipe-recovery-01a07aba/apps/ui/src/components/ui/dropdown-menu.tsx:94:9 — className uses a dynamic expression that may contain animate-* classes. These won't be compiled. Use template literals or the <mw.DropdownMenuContent> runtime component instead.
│  Vite ✓ 14450 modules transformed.
│  Vite rendering chunks...
│  Vite computing gzip size...
│  Vite storybook-static/iframe.html
│  18.79 kB │ gzip:   5.38 kB
│  Vite
│  storybook-static/assets/KnowledgeGraphCosmographCanvas-BC4usww5.css
│  0.04 kB │ gzip:   0.06 kB
│  Vite storybook-static/assets/iframe-CTuojJDz.css
│  246.95 kB │ gzip:  35.22 kB
│  Vite storybook-static/assets/utils-DlvjSWOF.js
│  0.09 kB │ gzip:   0.11 kB
│  Vite storybook-static/assets/clone-DndxyFZq.js
│  0.10 kB │ gzip:   0.11 kB
│  Vite storybook-static/assets/channel-CdWl3KfB.js
│  0.12 kB │ gzip:   0.13 kB
│  Vite storybook-static/assets/index-B04ww6Al.js
│  0.13 kB │ gzip:   0.12 kB
│  Vite storybook-static/assets/array-2GBN5xbU.js
│  0.14 kB │ gzip:   0.12 kB
│  Vite storybook-static/assets/react-aria-utils-CzB_Leox.js
│  0.14 kB │ gzip:   0.14 kB
│  Vite storybook-static/assets/IconCheck-Bc4aeWZJ.js
│  0.15 kB │ gzip:   0.16 kB
│  Vite storybook-static/assets/range-OtVwhkKS.js
│  0.18 kB │ gzip:   0.17 kB
│  Vite storybook-static/assets/IconX-EpSxvNOi.js
│  0.18 kB │ gzip:   0.17 kB
│  Vite storybook-static/assets/writeStatusLabel-BWV9eSiP.js
│  0.19 kB │ gzip:   0.15 kB
│  Vite storybook-static/assets/chunk-QZHKN3VN-dApVkKOj.js
│  0.20 kB │ gzip:   0.17 kB
│  Vite storybook-static/assets/chunk-4BX2VUAB-C_-uo163.js
│  0.23 kB │ gzip:   0.18 kB
│  Vite storybook-static/assets/IconAlertCircle-CuMHd6fS.js
│  0.26 kB │ gzip:   0.20 kB
│  Vite storybook-static/assets/useEvent-CAa8DHrR.js
│  0.28 kB │ gzip:   0.22 kB
│  Vite storybook-static/assets/chunk-55IACEB6-DKzj7Sk1.js
│  0.28 kB │ gzip:   0.24 kB
│  Vite storybook-static/assets/useLabels-B9EMMwen.js
│  0.29 kB │ gzip:   0.21 kB
│  Vite storybook-static/assets/IconExternalLink-BM4CpEUJ.js
│  0.29 kB │ gzip:   0.22 kB
│  Vite storybook-static/assets/Heading-0qmRqfaR.js
│  0.35 kB │ gzip:   0.27 kB
│  Vite storybook-static/assets/connector-sync-target-BFTUfiSK.js
│  0.35 kB │ gzip:   0.25 kB
│  Vite storybook-static/assets/formatter-EIJCOSYU-DVEa1Enw.js
│  0.37 kB │ gzip:   0.26 kB
│  Vite storybook-static/assets/chunk-FMBD7UC4-CSoEonWE.js
│  0.37 kB │ gzip:   0.28 kB
│  Vite storybook-static/assets/init-Dmth1JHB.js
│  0.38 kB │ gzip:   0.19 kB
│  Vite storybook-static/assets/github-web-url-YdR9IV6-.js
│  0.41 kB │ gzip:   0.27 kB
│  Vite storybook-static/assets/IconCopy-B6AeQbEE.js
│  0.42 kB │ gzip:   0.26 kB
│  Vite storybook-static/assets/IconBrandSlack-CRb_gGiY.js
│  0.43 kB │ gzip:   0.25 kB
│  Vite storybook-static/assets/IconGitBranch-Ls9EOvIc.js
│  0.44 kB │ gzip:   0.24 kB
│  Vite storybook-static/assets/format-BRvroe7n.js
│  0.44 kB │ gzip:   0.26 kB
│  Vite storybook-static/assets/IconBrandGithub-CBNvzzSS.js
│  0.45 kB │ gzip:   0.30 kB
│  Vite storybook-static/assets/LinearMark.stories-D4XEdWXj.js
│  0.46 kB │ gzip:   0.31 kB
│  Vite storybook-static/assets/github-bootstrap-msw-DDr8ldJY.js
│  0.50 kB │ gzip:   0.34 kB
│  Vite storybook-static/assets/chunk-QN33PNHL-BMksWU8C.js
│  0.51 kB │ gzip:   0.37 kB
│  Vite storybook-static/assets/codeowners-Bp6g37R7.js
│  0.55 kB │ gzip:   0.32 kB
│  Vite storybook-static/assets/ConfluenceMark.stories-B4dkQfHe.js
│  0.58 kB │ gzip:   0.38 kB
│  Vite
│  storybook-static/assets/AddLinearConnectorButton.stories-Cu3jhadr.js
│  0.62 kB │ gzip:   0.41 kB
│  Vite storybook-static/assets/LinearMark-CMdCCJhG.js
│  0.63 kB │ gzip:   0.41 kB
│  Vite storybook-static/assets/LinkGitHubStep-DFAiPt32.js
│  0.64 kB │ gzip:   0.36 kB
│  Vite storybook-static/assets/shellsession-BADoaaVG.js
│  0.71 kB │ gzip:   0.43 kB
│  Vite storybook-static/assets/McpConfigPreviewDiff-BO7f42I4.js
│  0.71 kB │ gzip:   0.45 kB
│  Vite storybook-static/assets/theme-9SxfofRf.js
│  0.72 kB │ gzip:   0.47 kB
│  Vite storybook-static/assets/tsv-B_m7g4N7.js
│  0.74 kB │ gzip:   0.34 kB
│  Vite storybook-static/assets/spinner-BUobZ9MO.js
│  0.74 kB │ gzip:   0.41 kB
│  Vite storybook-static/assets/useControlledState-DW4aAre-.js
│  0.74 kB │ gzip:   0.40 kB
│  Vite storybook-static/assets/WaitForInstallStep.stories-BxP0WUml.js
│  0.74 kB │ gzip:   0.45 kB
│  Vite storybook-static/assets/useSingleSelectListState-BWjLGOUY.js
│  0.77 kB │ gzip:   0.43 kB
│  Vite storybook-static/assets/index-DrFu-skq.js
│  0.77 kB │ gzip:   0.47 kB
│  Vite storybook-static/assets/textarea-BbxVQRGk.js
│  0.78 kB │ gzip:   0.45 kB
│  Vite storybook-static/assets/ConnectorsEmptyState.stories-Dpc97QmK.js
│  0.79 kB │ gzip:   0.46 kB
│  Vite storybook-static/assets/createReactComponent-DYGzj6KK.js
│  0.80 kB │ gzip:   0.46 kB
│  Vite storybook-static/assets/WaitForInstallStep-BCcDVZ27.js
│  0.81 kB │ gzip:   0.44 kB
│  Vite
│  storybook-static/assets/WorkspaceRecentCommits.stories-CotlzGph.js
│  0.87 kB │ gzip:   0.45 kB
│  Vite storybook-static/assets/SetupCompleteStep-BUJ891qc.js
│  0.87 kB │ gzip:   0.51 kB
│  Vite storybook-static/assets/RegisterAtlassianOauthStep-BunkWW69.js
│  0.88 kB │ gzip:   0.49 kB
│  Vite storybook-static/assets/InlineLoader.stories-BCp9m6eo.js
│  0.89 kB │ gzip:   0.46 kB
│  Vite storybook-static/assets/html-derivative-BFtXZ54Q.js
│  0.90 kB │ gzip:   0.50 kB
│  Vite storybook-static/assets/stateDiagram-v2-4FDKWEC3-DRaRzL8B.js
│  0.91 kB │ gzip:   0.53 kB
│  Vite storybook-static/assets/index-DRvsGHrU.js
│  0.91 kB │ gzip:   0.48 kB
│  Vite storybook-static/assets/classDiagram-2ON5EDUG-DQaey-b8.js
│  0.94 kB │ gzip:   0.54 kB
│  Vite storybook-static/assets/classDiagram-v2-WZHVMYZB-DQaey-b8.js
│  0.94 kB │ gzip:   0.54 kB
│  Vite storybook-static/assets/highlighted-body-B3W2YXNL-m2EXW2KJ.js
│  0.94 kB │ gzip:   0.56 kB
│  Vite
│  storybook-static/assets/WorkspaceActivityHeatmap.stories-DZAhrvi2.js
│  0.95 kB │ gzip:   0.47 kB
│  Vite storybook-static/assets/ConversationThreadSkeleton-YfMg59so.js
│  0.96 kB │ gzip:   0.38 kB
│  Vite storybook-static/assets/git-rebase-r7XF79zn.js
│  0.98 kB │ gzip:   0.44 kB
│  Vite storybook-static/assets/qmldir-C8lEn-DE.js
│  1.00 kB │ gzip:   0.45 kB
│  Vite storybook-static/assets/notion-setup-model-V0S7uHT6.js
│  1.12 kB │ gzip:   0.48 kB
│  Vite storybook-static/assets/AddLinearConnectorButton-CiELjItS.js
│  1.14 kB │ gzip:   0.61 kB
│  Vite storybook-static/assets/OnboardingJoinerDoneSlide-ChByAceJ.js
│  1.14 kB │ gzip:   0.63 kB
│  Vite storybook-static/assets/csv-fuZLfV_i.js
│  1.14 kB │ gzip:   0.37 kB
│  Vite storybook-static/assets/ordinal-B-SEvE7q.js
│  1.19 kB │ gzip:   0.57 kB
│  Vite storybook-static/assets/infoDiagram-HS3SLOUP-Bi3_y1xK.js
│  1.20 kB │ gzip:   0.70 kB
│  Vite storybook-static/assets/band-uMiPDWaV.js
│  1.21 kB │ gzip:   0.55 kB
│  Vite storybook-static/assets/TextField-DKaODxtj.js
│  1.22 kB │ gzip:   0.63 kB
│  Vite storybook-static/assets/git-commit-F4YmCXRG.js
│  1.23 kB │ gzip:   0.53 kB
│  Vite storybook-static/assets/preload-helper-PPVm8Dsz.js
│  1.23 kB │ gzip:   0.71 kB
│  Vite storybook-static/assets/github-connector-DbaM3xR3.js
│  1.24 kB │ gzip:   0.57 kB
│  Vite storybook-static/assets/AddSlackConnectorButton-DExUFXwA.js
│  1.28 kB │ gzip:   0.67 kB
│  Vite
│  storybook-static/assets/OnboardingOverviewSlide.stories-B6fbCHkC.js
│  1.30 kB │ gzip:   0.72 kB
│  Vite storybook-static/assets/SetupCompleteStep.stories-CJR7VqfJ.js
│  1.35 kB │ gzip:   0.74 kB
│  Vite storybook-static/assets/xsl-CtQFsRM5.js
│  1.39 kB │ gzip:   0.52 kB
│  Vite storybook-static/assets/AddConnectorCatalogDialog-Bb8b9TIQ.js
│  1.41 kB │ gzip:   0.72 kB
│  Vite
│  storybook-static/assets/AddSlackConnectorButton.stories-BCEXuuyt.js
│  1.42 kB │ gzip:   0.78 kB
│  Vite storybook-static/assets/dotenv-Da5cRb03.js
│  1.42 kB │ gzip:   0.53 kB
│  Vite
│  storybook-static/assets/GithubSelfHostedCredentialsStep.stories-akx11QAe.js
│  1.44 kB │ gzip:   0.78 kB
│  Vite storybook-static/assets/chunk-TZMSLE5B-DnfrYkmd.js
│  1.44 kB │ gzip:   0.64 kB
│  Vite storybook-static/assets/OnboardingOverviewSlide-CNan38zg.js
│  1.48 kB │ gzip:   0.83 kB
│  Vite storybook-static/assets/sparql-rVzFXLq3.js
│  1.48 kB │ gzip:   0.82 kB
│  Vite storybook-static/assets/TextField-B2fMR7Bq.js
│  1.48 kB │ gzip:   0.79 kB
│  Vite storybook-static/assets/ini-BEwlwnbL.js
│  1.53 kB │ gzip:   0.50 kB
│  Vite
│  storybook-static/assets/OnboardingJoinerDoneSlide.stories-BKhQ__c5.js
│  1.61 kB │ gzip:   0.79 kB
│  Vite storybook-static/assets/WorkspaceCreateForm-B1Dw3Ybj.js
│  1.64 kB │ gzip:   0.87 kB
│  Vite storybook-static/assets/ConnectorsEmptyState-B9b9l5KD.js
│  1.64 kB │ gzip:   0.85 kB
│  Vite
│  storybook-static/assets/AtlassianAccountClaimModalContent-DWlfehUi.js
│  1.65 kB │ gzip:   0.67 kB
│  Vite storybook-static/assets/fortran-fixed-form-CkoXwp7k.js
│  1.67 kB │ gzip:   0.69 kB
│  Vite storybook-static/assets/LinkGitHubStep.stories-Ci5tNqgu.js
│  1.69 kB │ gzip:   0.90 kB
│  Vite storybook-static/assets/docker-BcOcwvcX.js
│  1.74 kB │ gzip:   0.60 kB
│  Vite
│  storybook-static/assets/AtlassianAccountClaimModalContent.stories-B5-1WGyS.js
│  1.74 kB │ gzip:   0.84 kB
│  Vite storybook-static/assets/hxml-Bvhsp5Yf.js
│  1.74 kB │ gzip:   0.88 kB
│  Vite
│  storybook-static/assets/WorkspaceCommandPalette.stories-DDUAcR9j.js
│  1.78 kB │ gzip:   0.93 kB
│  Vite storybook-static/assets/OnboardingWelcomeSlide-BLZh6vEg.js
│  1.79 kB │ gzip:   0.93 kB
│  Vite storybook-static/assets/InlineAlert-8f1NIikQ.js
│  1.82 kB │ gzip:   0.87 kB
│  Vite storybook-static/assets/desktop-BmXAJ9_W.js
│  1.83 kB │ gzip:   0.76 kB
│  Vite storybook-static/assets/OnboardingExternalInviteModal-3pwoqlGk.js
│  1.84 kB │ gzip:   0.79 kB
│  Vite storybook-static/assets/WorkspaceRecentCommits-B8mEGvGk.js
│  1.85 kB │ gzip:   0.74 kB
│  Vite storybook-static/assets/GitHubPrerequisiteStep-FNB8Xj0U.js
│  1.96 kB │ gzip:   0.92 kB
│  Vite storybook-static/assets/ConnectorsOAuthErrorBanner-DURwbjvd.js
│  1.97 kB │ gzip:   0.91 kB
│  Vite
│  storybook-static/assets/OnboardingWelcomeSlide.stories-CFZq3z20.js
│  2.03 kB │ gzip:   1.02 kB
│  Vite storybook-static/assets/McpConfigPreviewDiff.stories-C7zvNkXt.js
│  2.06 kB │ gzip:   0.91 kB
│  Vite storybook-static/assets/AlertDialog-BE0aUnZD.js
│  2.09 kB │ gzip:   0.97 kB
│  Vite storybook-static/assets/AddConfluenceConnectorButton-Dgh_Q2se.js
│  2.09 kB │ gzip:   1.03 kB
│  Vite storybook-static/assets/InlineLoader-ba7_85Zt.js
│  2.12 kB │ gzip:   0.88 kB
│  Vite
│  storybook-static/assets/ConnectorWorkspaceDestinationPicker-BMqtDPAq.js
│  2.15 kB │ gzip:   1.02 kB
│  Vite storybook-static/assets/wenyan-BV7otONQ.js
│  2.16 kB │ gzip:   1.09 kB
│  Vite
│  storybook-static/assets/ConnectorsOAuthErrorBanner.stories-BPQuNyNA.js
│  2.16 kB │ gzip:   0.67 kB
│  Vite storybook-static/assets/ConfluenceMark-CtyA581S.js
│  2.18 kB │ gzip:   1.07 kB
│  Vite storybook-static/assets/ConnectorSetupStepper.stories-hk0HAgvs.js
│  2.23 kB │ gzip:   0.76 kB
│  Vite storybook-static/assets/jssm-C2t-YnRu.js
│  2.24 kB │ gzip:   0.62 kB
│  Vite storybook-static/assets/NodeDetailDrawer.stories-BFfL0rtz.js
│  2.27 kB │ gzip:   1.13 kB
│  Vite storybook-static/assets/Skeleton-0KlDvucI.js
│  2.32 kB │ gzip:   0.85 kB
│  Vite storybook-static/assets/reg-C-SQnVFl.js
│  2.35 kB │ gzip:   0.70 kB
│  Vite storybook-static/assets/edge-BkV0erSs.js
│  2.36 kB │ gzip:   0.70 kB
│  Vite storybook-static/assets/HomeComposer-BbwjGbnU.js
│  2.39 kB │ gzip:   1.15 kB
│  Vite
│  storybook-static/assets/OnboardingExternalInviteModal.stories-ltlqWf1X.js
│  2.40 kB │ gzip:   0.94 kB
│  Vite storybook-static/assets/confluence-setup-model-CpP2D92y.js
│  2.40 kB │ gzip:   0.79 kB
│  Vite
│  storybook-static/assets/RegisterAtlassianOauthStep.stories-BW3LxfqX.js
│  2.46 kB │ gzip:   1.24 kB
│  Vite storybook-static/assets/HomeComposer.stories-DOsv-wtS.js
│  2.47 kB │ gzip:   1.17 kB
│  Vite storybook-static/assets/diff-D97Zzqfu.js
│  2.57 kB │ gzip:   0.70 kB
│  Vite storybook-static/assets/gleam-BspZqrRM.js
│  2.58 kB │ gzip:   0.82 kB
│  Vite storybook-static/assets/_basePickBy-Bu4OLSDO.js
│  2.59 kB │ gzip:   1.29 kB
│  Vite storybook-static/assets/erb-B12qg9BL.js
│  2.61 kB │ gzip:   0.84 kB
│  Vite storybook-static/assets/SlackConnectionCard-CQsrAZvh.js
│  2.62 kB │ gzip:   1.30 kB
│  Vite storybook-static/assets/hy-DFXneXwc.js
│  2.65 kB │ gzip:   1.18 kB
│  Vite storybook-static/assets/ConnectorSetupStepper-CqN6IvP0.js
│  2.66 kB │ gzip:   1.13 kB
│  Vite
│  storybook-static/assets/GithubWorkspaceDestination.stories-BLOkLkfm.js
│  2.68 kB │ gzip:   1.06 kB
│  Vite storybook-static/assets/WorkspaceNavRow.stories-DjFSDCgK.js
│  2.77 kB │ gzip:   1.19 kB
│  Vite storybook-static/assets/ConfluenceConnectionCard-DgURMuk2.js
│  2.81 kB │ gzip:   1.36 kB
│  Vite storybook-static/assets/json-Cp-IABpG.js
│  2.82 kB │ gzip:   0.78 kB
│  Vite storybook-static/assets/openscad-C4EeE6gA.js
│  2.82 kB │ gzip:   1.01 kB
│  Vite
│  storybook-static/assets/AddConfluenceConnectorButton.stories-DzKPVaSe.js
│  2.84 kB │ gzip:   1.10 kB
│  Vite storybook-static/assets/log-2UxHyX5q.js
│  2.85 kB │ gzip:   0.90 kB
│  Vite storybook-static/assets/atlassian-connector-B9KYapzv.js
│  2.89 kB │ gzip:   0.91 kB
│  Vite storybook-static/assets/LinkAtlassianStep-g75r28Hx.js
│  2.89 kB │ gzip:   1.28 kB
│  Vite storybook-static/assets/LinearConnectionCard-BjTue5XD.js
│  2.91 kB │ gzip:   1.40 kB
│  Vite storybook-static/assets/NotionConnectionCard-C0fCqN-S.js
│  2.91 kB │ gzip:   1.41 kB
│  Vite storybook-static/assets/cairo-KRGpt6FW.js
│  2.94 kB │ gzip:   0.81 kB
│  Vite storybook-static/assets/GithubConnectionCard-BzVsx-NJ.js
│  2.97 kB │ gzip:   1.37 kB
│  Vite
│  storybook-static/assets/AddNotionConnectorButton.stories-D8vL70Kz.js
│  2.98 kB │ gzip:   1.10 kB
│  Vite storybook-static/assets/notion-connector-Bm262DT-.js
│  3.00 kB │ gzip:   1.19 kB
│  Vite storybook-static/assets/berry-uYugtg8r.js
│  3.01 kB │ gzip:   0.81 kB
│  Vite storybook-static/assets/jsonl-DcaNXYhu.js
│  3.01 kB │ gzip:   0.79 kB
│  Vite storybook-static/assets/MergeConfigStep-BzH-xD4L.js
│  3.01 kB │ gzip:   1.40 kB
│  Vite storybook-static/assets/AddGithubConnectorButton-DOsB1Y95.js
│  3.02 kB │ gzip:   1.36 kB
│  Vite storybook-static/assets/Skeleton.stories-BEMR3eFk.js
│  3.02 kB │ gzip:   0.86 kB
│  Vite
│  storybook-static/assets/GitHubPrerequisiteStep.stories-BSDW3rPu.js
│  3.06 kB │ gzip:   1.03 kB
│  Vite
│  storybook-static/assets/WorkspaceHydrateProgress.stories-B_OnRGT0.js
│  3.06 kB │ gzip:   1.16 kB
│  Vite storybook-static/assets/AddNotionConnectorButton-Mkt-3dRK.js
│  3.11 kB │ gzip:   1.38 kB
│  Vite storybook-static/assets/jsonc-Des-eS-w.js
│  3.11 kB │ gzip:   0.80 kB
│  Vite storybook-static/assets/logo-BtOb2qkB.js
│  3.13 kB │ gzip:   1.47 kB
│  Vite storybook-static/assets/WorkspaceNavList.stories-BbKnMEkZ.js
│  3.22 kB │ gzip:   1.24 kB
│  Vite storybook-static/assets/po-BTJTHyun.js
│  3.24 kB │ gzip:   0.91 kB
│  Vite storybook-static/assets/json5-C9tS-k6U.js
│  3.25 kB │ gzip:   0.83 kB
│  Vite storybook-static/assets/mipsasm-CKIfxQSi.js
│  3.26 kB │ gzip:   1.18 kB
│  Vite
│  storybook-static/assets/WorkspaceConversationList.stories-eSrlJ_20.js
│  3.28 kB │ gzip:   1.15 kB
│  Vite storybook-static/assets/tasl-QIJgUcNo.js
│  3.29 kB │ gzip:   0.85 kB
│  Vite storybook-static/assets/AtlassianOauthAppSavedSection-DcxQ6YqI.js
│  3.31 kB │ gzip:   1.57 kB
│  Vite storybook-static/assets/genie-D0YGMca9.js
│  3.36 kB │ gzip:   1.21 kB
│  Vite storybook-static/assets/rel-C3B-1QV4.js
│  3.37 kB │ gzip:   1.11 kB
│  Vite storybook-static/assets/vala-CsfeWuGM.js
│  3.37 kB │ gzip:   1.19 kB
│  Vite storybook-static/assets/WorkspacePierreFile.stories-Q8axI1o5.js
│  3.39 kB │ gzip:   1.13 kB
│  Vite storybook-static/assets/LinkAtlassianStep.stories-DmE0rKZ_.js
│  3.41 kB │ gzip:   1.43 kB
│  Vite storybook-static/assets/splunk-BtCnVYZw.js
│  3.44 kB │ gzip:   1.52 kB
│  Vite storybook-static/assets/OnboardingGithubSlide-D2KKGEih.js
│  3.46 kB │ gzip:   1.57 kB
│  Vite storybook-static/assets/WorkspaceGraphPane.stories-BOEWmyxI.js
│  3.46 kB │ gzip:   1.37 kB
│  Vite storybook-static/assets/SideNav.stories-kxa9vZ8F.js
│  3.46 kB │ gzip:   1.21 kB
│  Vite storybook-static/assets/arc-BruBsPIY.js
│  3.47 kB │ gzip:   1.50 kB
│  Vite storybook-static/assets/line-CSnKlAlY.js
│  3.48 kB │ gzip:   1.51 kB
│  Vite
│  storybook-static/assets/KnowledgeGraphCosmographCanvas.stories-D41GaKyO.js
│  3.57 kB │ gzip:   1.29 kB
│  Vite storybook-static/assets/OnboardingCreateOrgSlide-Bj31A5E9.js
│  3.57 kB │ gzip:   1.51 kB
│  Vite storybook-static/assets/linear-connector-biLmEp3p.js
│  3.57 kB │ gzip:   1.15 kB
│  Vite storybook-static/assets/fluent-C4IJs8-o.js
│  3.61 kB │ gzip:   0.90 kB
│  Vite storybook-static/assets/ssh-config-_ykCGR6B.js
│  3.62 kB │ gzip:   1.60 kB
│  Vite storybook-static/assets/jsonnet-DFQXde-d.js
│  3.62 kB │ gzip:   1.05 kB
│  Vite storybook-static/assets/kdl-DV7GczEv.js
│  3.63 kB │ gzip:   1.04 kB
│  Vite storybook-static/assets/glsl-DplSGwfg.js
│  3.63 kB │ gzip:   1.41 kB
│  Vite storybook-static/assets/hurl-irOxFIW8.js
│  3.65 kB │ gzip:   1.16 kB
│  Vite storybook-static/assets/index-BkAyr_2m.js
│  3.66 kB │ gzip:   1.38 kB
│  Vite storybook-static/assets/narrat-DRg8JJMk.js
│  3.67 kB │ gzip:   1.11 kB
│  Vite storybook-static/assets/OnboardingInviteSlide-C7odAWpZ.js
│  3.69 kB │ gzip:   1.60 kB
│  Vite storybook-static/assets/turtle-BsS91CYL.js
│  3.70 kB │ gzip:   0.98 kB
│  Vite
│  storybook-static/assets/OrgAtlassianOauthPanel.stories-BtPRczao.js
│  3.77 kB │ gzip:   1.42 kB
│  Vite storybook-static/assets/zenscript-DVFEvuxE.js
│  3.91 kB │ gzip:   1.28 kB
│  Vite storybook-static/assets/ron-D8l8udqQ.js
│  3.91 kB │ gzip:   0.98 kB
│  Vite storybook-static/assets/gn-n2N0HUVH.js
│  4.00 kB │ gzip:   1.49 kB
│  Vite storybook-static/assets/pascal-D93ZcfNL.js
│  4.15 kB │ gzip:   1.67 kB
│  Vite storybook-static/assets/EditScopeModal-BKUXPyNH.js
│  4.23 kB │ gzip:   1.87 kB
│  Vite storybook-static/assets/WorkspaceChat.stories-DvjOtH20.js
│  4.26 kB │ gzip:   1.36 kB
│  Vite storybook-static/assets/ConnectorListItem.stories-f5PFiU5u.js
│  4.35 kB │ gzip:   1.32 kB
│  Vite storybook-static/assets/popup-CgNEBm2S.js
│  4.40 kB │ gzip:   1.65 kB
│  Vite storybook-static/assets/tcl-dwOrl1Do.js
│  4.43 kB │ gzip:   1.52 kB
│  Vite
│  storybook-static/assets/AddGithubConnectorButton.stories-BGdy1IHh.js
│  4.43 kB │ gzip:   1.36 kB
│  Vite storybook-static/assets/WorkspaceCreateForm.stories-BYpRCs7R.js
│  4.45 kB │ gzip:   1.66 kB
│  Vite storybook-static/assets/EditScopeModal.stories-CucRBIS0.js
│  4.48 kB │ gzip:   1.63 kB
│  Vite storybook-static/assets/nextflow-Zz6hmt5N.js
│  4.51 kB │ gzip:   1.17 kB
│  Vite storybook-static/assets/rosmsg-BJDFO7_C.js
│  4.52 kB │ gzip:   1.06 kB
│  Vite storybook-static/assets/http-jrhK8wxY.js
│  4.55 kB │ gzip:   1.12 kB
│  Vite storybook-static/assets/id-DGzPNGK7.js
│  4.65 kB │ gzip:   1.97 kB
│  Vite
│  storybook-static/assets/OnboardingCreateOrgSlide.stories-CxsCiRj6.js
│  4.66 kB │ gzip:   1.51 kB
│  Vite storybook-static/assets/polar-C0HS_06l.js
│  4.67 kB │ gzip:   1.12 kB
│  Vite storybook-static/assets/defaultLocale-DX6XiGOO.js
│  4.69 kB │ gzip:   2.18 kB
│  Vite storybook-static/assets/sdbl-DVxCFoDh.js
│  4.70 kB │ gzip:   2.01 kB
│  Vite storybook-static/assets/MergeConfigStep.stories-D9chrmWr.js
│  4.73 kB │ gzip:   1.46 kB
│  Vite storybook-static/assets/McpOnboardingSlide.stories-uKgsCIzc.js
│  4.75 kB │ gzip:   1.80 kB
│  Vite storybook-static/assets/fennel-BYunw83y.js
│  4.77 kB │ gzip:   1.53 kB
│  Vite storybook-static/assets/-workspaces.new.stories-DkCBAz9g.js
│  4.77 kB │ gzip:   1.77 kB
│  Vite storybook-static/assets/SpacePageTree.stories-zyv7VpME.js
│  4.78 kB │ gzip:   1.43 kB
│  Vite storybook-static/assets/bibtex-CHM0blh-.js
│  4.80 kB │ gzip:   0.83 kB
│  Vite storybook-static/assets/diagram-S2PKOQOG-CRNK_xEw.js
│  4.82 kB │ gzip:   2.13 kB
│  Vite storybook-static/assets/OnboardingPageShell.stories-BegoP5QE.js
│  4.83 kB │ gzip:   1.57 kB
│  Vite storybook-static/assets/tslib.es6-5kcz7YM1.js
│  4.84 kB │ gzip:   1.91 kB
│  Vite storybook-static/assets/WorkspaceChat-DcYfmUHF.js
│  4.85 kB │ gzip:   1.49 kB
│  Vite
│  storybook-static/assets/AddConnectorCatalogDialog.stories-BatX3F7u.js
│  4.91 kB │ gzip:   1.75 kB
│  Vite storybook-static/assets/GithubConnectionCard.stories-B7_z8T8b.js
│  5.01 kB │ gzip:   1.42 kB
│  Vite storybook-static/assets/llvm-DjAJT7YJ.js
│  5.05 kB │ gzip:   2.01 kB
│  Vite storybook-static/assets/wgsl-Dx-B1_4e.js
│  5.14 kB │ gzip:   1.39 kB
│  Vite storybook-static/assets/SlackConnectionCard.stories-3XqWYP3M.js
│  5.19 kB │ gzip:   1.87 kB
│  Vite storybook-static/assets/gdresource-BOOCDP_w.js
│  5.29 kB │ gzip:   1.34 kB
│  Vite storybook-static/assets/LinearConnectionCard.stories-CClEL7eF.js
│  5.31 kB │ gzip:   1.66 kB
│  Vite storybook-static/assets/McpOnboardingSlide-CfzDhlKe.js
│  5.33 kB │ gzip:   1.67 kB
│  Vite storybook-static/assets/qml-3beO22l8.js
│  5.34 kB │ gzip:   1.38 kB
│  Vite storybook-static/assets/zig-VOosw3JB.js
│  5.34 kB │ gzip:   1.55 kB
│  Vite storybook-static/assets/dax-CEL-wOlO.js
│  5.37 kB │ gzip:   2.23 kB
│  Vite storybook-static/assets/bicep-Bmn6On1c.js
│  5.38 kB │ gzip:   1.15 kB
│  Vite storybook-static/assets/xml-sdJ4AIDG.js
│  5.38 kB │ gzip:   1.21 kB
│  Vite storybook-static/assets/NotionConnectionCard.stories-nOwNFCne.js
│  5.46 kB │ gzip:   1.69 kB
│  Vite storybook-static/assets/awk-DMzUqQB5.js
│  5.46 kB │ gzip:   1.38 kB
│  Vite storybook-static/assets/coq-DkFqJrB1.js
│  5.53 kB │ gzip:   1.92 kB
│  Vite storybook-static/assets/WorkspaceFileTree.stories-DR9ova-b.js
│  5.66 kB │ gzip:   1.87 kB
│  Vite storybook-static/assets/jinja-4LBKfQ-Z.js
│  5.69 kB │ gzip:   1.40 kB
│  Vite storybook-static/assets/pieDiagram-ADFJNKIX-DdW6V-cg.js
│  5.76 kB │ gzip:   2.57 kB
│  Vite storybook-static/assets/linear-B82wzlcB.js
│  5.77 kB │ gzip:   2.36 kB
│  Vite storybook-static/assets/lean-BZvkOJ9d.js
│  5.78 kB │ gzip:   1.92 kB
│  Vite storybook-static/assets/moonbit-_H4v1dQx.js
│  5.90 kB │ gzip:   1.68 kB
│  Vite storybook-static/assets/powerquery-CEu0bR-o.js
│  5.90 kB │ gzip:   1.52 kB
│  Vite storybook-static/assets/workspace-handlers-BiQP-gvm.js
│  5.92 kB │ gzip:   1.63 kB
│  Vite storybook-static/assets/shaderlab-Dg9Lc6iA.js
│  5.92 kB │ gzip:   2.08 kB
│  Vite storybook-static/assets/graph-DJdHcPdW.js
│  5.92 kB │ gzip:   1.88 kB
│  Vite storybook-static/assets/verilog-BQ8w6xss.js
│  5.93 kB │ gzip:   1.89 kB
│  Vite storybook-static/assets/cypher-COkxafJQ.js
│  5.96 kB │ gzip:   1.73 kB
│  Vite storybook-static/assets/SelectSyncTargetStep.stories-Bqb0Agd7.js
│  5.96 kB │ gzip:   1.81 kB
│  Vite storybook-static/assets/useMenuTrigger-DqKhjUS1.js
│  5.96 kB │ gzip:   3.23 kB
│  Vite
│  storybook-static/assets/WorkspaceRepositoryPicker.stories-BOQdvUH3.js
│  6.00 kB │ gzip:   1.84 kB
│  Vite storybook-static/assets/OrgAtlassianOauthPanel-OM3N8drN.js
│  6.01 kB │ gzip:   2.31 kB
│  Vite
│  storybook-static/assets/ConfluenceConnectionCard.stories-CZ0v2o6C.js
│  6.05 kB │ gzip:   1.90 kB
│  Vite storybook-static/assets/vb-D17OF-Vu.js
│  6.09 kB │ gzip:   2.34 kB
│  Vite storybook-static/assets/WorkspaceChatChrome.stories-BU0eJ8WJ.js
│  6.17 kB │ gzip:   1.63 kB
│  Vite storybook-static/assets/ConfluenceSetupWizard-Dj1YaAz2.js
│  6.22 kB │ gzip:   2.25 kB
│  Vite storybook-static/assets/red-bN70gL4F.js
│  6.26 kB │ gzip:   1.60 kB
│  Vite storybook-static/assets/ConversationThread.stories-BBeZhPiX.js
│  6.26 kB │ gzip:   1.70 kB
│  Vite storybook-static/assets/ConnectorListItem-BiLQhQEO.js
│  6.27 kB │ gzip:   1.95 kB
│  Vite storybook-static/assets/Disclosure-B3nRu2DL.js
│  6.28 kB │ gzip:   2.29 kB
│  Vite storybook-static/assets/min-dark-CafNBF8u.js
│  6.29 kB │ gzip:   1.71 kB
│  Vite storybook-static/assets/RepositoryCard.stories-CES_3ql5.js
│  6.31 kB │ gzip:   1.98 kB
│  Vite storybook-static/assets/gdshader-DkwncUOv.js
│  6.33 kB │ gzip:   1.73 kB
│  Vite storybook-static/assets/SlackSetupDialog.stories-DIPNTPmZ.js
│  6.33 kB │ gzip:   2.01 kB
│  Vite storybook-static/assets/prisma-Dd19v3D-.js
│  6.33 kB │ gzip:   1.39 kB
│  Vite storybook-static/assets/ara-BRHolxvo.js
│  6.36 kB │ gzip:   1.81 kB
│  Vite storybook-static/assets/clojure-P80f7IUj.js
│  6.41 kB │ gzip:   1.42 kB
│  Vite storybook-static/assets/postcss-CXtECtnM.js
│  6.42 kB │ gzip:   1.91 kB
│  Vite storybook-static/assets/diagram-QEK2KX5R-BTdOQqph.js
│  6.42 kB │ gzip:   2.75 kB
│  Vite storybook-static/assets/toml-vGWfd6FD.js
│  6.43 kB │ gzip:   1.28 kB
│  Vite storybook-static/assets/OnboardingGithubSlide.stories-DcDfOe2-.js
│  6.47 kB │ gzip:   1.89 kB
│  Vite storybook-static/assets/solarized-light-L9t79GZl.js
│  6.48 kB │ gzip:   1.73 kB
│  Vite storybook-static/assets/r-Dspwwk_N.js
│  6.54 kB │ gzip:   1.78 kB
│  Vite storybook-static/assets/proto-C7zT0LnQ.js
│  6.55 kB │ gzip:   1.42 kB
│  Vite storybook-static/assets/smalltalk-BERRCDM3.js
│  6.59 kB │ gzip:   1.62 kB
│  Vite storybook-static/assets/talonscript-CkByrt1z.js
│  6.76 kB │ gzip:   1.49 kB
│  Vite storybook-static/assets/solarized-dark-DXbdFlpD.js
│  6.85 kB │ gzip:   1.80 kB
│  Vite storybook-static/assets/riscv-BM1_JUlF.js
│  6.91 kB │ gzip:   1.98 kB
│  Vite storybook-static/assets/min-light-CTRr51gU.js
│  6.97 kB │ gzip:   1.89 kB
│  Vite storybook-static/assets/soy-Brmx7dQM.js
│  6.98 kB │ gzip:   1.66 kB
│  Vite storybook-static/assets/scheme-C98Dy4si.js
│  7.17 kB │ gzip:   2.05 kB
│  Vite storybook-static/assets/OnboardingPageShell-YsKYg-56.js
│  7.26 kB │ gzip:   2.44 kB
│  Vite storybook-static/assets/hlsl-D3lLCCz7.js
│  7.26 kB │ gzip:   2.19 kB
│  Vite storybook-static/assets/SelectSyncTargetStep-DW0lB6Bv.js
│  7.46 kB │ gzip:   2.71 kB
│  Vite storybook-static/assets/qss-IeuSbFQv.js
│  7.47 kB │ gzip:   2.58 kB
│  Vite storybook-static/assets/WorkspaceHydrateProgress-EbiKrh-G.js
│  7.61 kB │ gzip:   1.58 kB
│  Vite storybook-static/assets/OnboardingInviteSlide.stories-BsgfdrsP.js
│  7.67 kB │ gzip:   1.79 kB
│  Vite storybook-static/assets/dart-CF10PKvl.js
│  7.81 kB │ gzip:   1.91 kB
│  Vite storybook-static/assets/systemd-4A_iFExJ.js
│  7.87 kB │ gzip:   2.55 kB
│  Vite storybook-static/assets/monokai-D4h5O-jR.js
│  7.88 kB │ gzip:   1.91 kB
│  Vite storybook-static/assets/regexp-CDVJQ6XC.js
│  7.99 kB │ gzip:   1.42 kB
│  Vite storybook-static/assets/useGithubConnectFlow-CWVAOXqc.js
│  8.09 kB │ gzip:   3.06 kB
│  Vite storybook-static/assets/haml-B8DHNrY2.js
│  8.26 kB │ gzip:   1.81 kB
│  Vite storybook-static/assets/typst-DHCkPAjA.js
│  8.39 kB │ gzip:   1.67 kB
│  Vite storybook-static/assets/vue-html-AaS7Mt5G.js
│  8.47 kB │ gzip:   1.68 kB
│  Vite storybook-static/assets/plsql-ChMvpjG-.js
│  8.51 kB │ gzip:   3.00 kB
│  Vite storybook-static/assets/-auth.stories-BAQy8dMM.js
│  8.74 kB │ gzip:   3.13 kB
│  Vite storybook-static/assets/horizon-BUw7H-hv.js
│  8.78 kB │ gzip:   1.96 kB
│  Vite storybook-static/assets/kotlin-BdnUsdx6.js
│  8.79 kB │ gzip:   2.13 kB
│  Vite storybook-static/assets/horizon-bright-Cn-bp-IR.js
│  8.79 kB │ gzip:   1.97 kB
│  Vite storybook-static/assets/ts-tags-zn1MmPIZ.js
│  8.95 kB │ gzip:   1.22 kB
│  Vite storybook-static/assets/make-CHLpvVh8.js
│  8.96 kB │ gzip:   1.77 kB
│  Vite storybook-static/assets/andromeeda-C4gqWexZ.js
│  9.02 kB │ gzip:   2.36 kB
│  Vite storybook-static/assets/sas-cz2c8ADy.js
│  9.06 kB │ gzip:   3.81 kB
│  Vite storybook-static/assets/dark-plus-C3mMm8J8.js
│  9.10 kB │ gzip:   2.10 kB
│  Vite storybook-static/assets/slack-dark-BthQWCQV.js
│  9.12 kB │ gzip:   1.97 kB
│  Vite storybook-static/assets/sass-Cj5Yp3dK.js
│  9.29 kB │ gzip:   2.49 kB
│  Vite storybook-static/assets/plastic-3e1v2bzS.js
│  9.30 kB │ gzip:   1.98 kB
│  Vite storybook-static/assets/slack-ochin-DqwNpetd.js
│  9.43 kB │ gzip:   2.10 kB
│  Vite storybook-static/assets/tex-idrVyKtj.js
│  9.67 kB │ gzip:   3.06 kB
│  Vite storybook-static/assets/WorkspaceChatChrome-Buz8pJnW.js
│  9.68 kB │ gzip:   2.21 kB
│  Vite storybook-static/assets/jison-wvAkD_A8.js
│  9.69 kB │ gzip:   1.85 kB
│  Vite storybook-static/assets/InstallForgeStep-DK5AaygH.js
│  9.70 kB │ gzip:   4.31 kB
│  Vite storybook-static/assets/Checkbox-B7fSuQ76.js
│  9.74 kB │ gzip:   3.40 kB
│  Vite storybook-static/assets/cmake-D1j8_8rp.js
│  9.86 kB │ gzip:   3.37 kB
│  Vite storybook-static/assets/light-plus-B7mTdjB0.js
│  9.94 kB │ gzip:   2.27 kB
│  Vite storybook-static/assets/WorkspaceSettingsPane.stories-M8FrKdcH.js
│  10.01 kB │ gzip:   2.61 kB
│  Vite storybook-static/assets/hcl-BWvSN4gD.js
│  10.05 kB │ gzip:   1.93 kB
│  Vite storybook-static/assets/InstallForgeStep.stories-CcpcZDSy.js
│  10.28 kB │ gzip:   2.16 kB
│  Vite storybook-static/assets/-home.stories-De9HeDwU.js
│  10.33 kB │ gzip:   2.93 kB
│  Vite storybook-static/assets/pkl-u5AG7uiY.js
│  10.37 kB │ gzip:   1.38 kB
│  Vite storybook-static/assets/beancount-k_qm7-4y.js
│  10.37 kB │ gzip:   1.44 kB
│  Vite storybook-static/assets/nextflow-groovy-BeH2EWoN.js
│  10.41 kB │ gzip:   2.13 kB
│  Vite storybook-static/assets/dream-maker-BtqSS_iP.js
│  10.47 kB │ gzip:   2.25 kB
│  Vite storybook-static/assets/raku-DXvB9xmW.js
│  10.47 kB │ gzip:   2.94 kB
│  Vite storybook-static/assets/yaml-Buea-lGh.js
│  10.51 kB │ gzip:   2.27 kB
│  Vite storybook-static/assets/-onboarding.stories-CUmvV7K_.js
│  10.51 kB │ gzip:   4.43 kB
│  Vite storybook-static/assets/rst-BrH8l1NY.js
│  10.67 kB │ gzip:   2.42 kB
│  Vite storybook-static/assets/stateDiagram-FKZM4ZOC-DfVq87fq.js
│  10.91 kB │ gzip:   3.89 kB
│  Vite storybook-static/assets/elm-DbKCFpqz.js
│  10.97 kB │ gzip:   2.12 kB
│  Vite storybook-static/assets/just-Cw27pwNe.js
│  11.16 kB │ gzip:   2.78 kB
│  Vite storybook-static/assets/github-light-DAi9KRSo.js
│  11.18 kB │ gzip:   2.51 kB
│  Vite storybook-static/assets/SlackSetupDialog-_iUgRO3q.js
│  11.23 kB │ gzip:   3.91 kB
│  Vite storybook-static/assets/SpacePageTree-B5Abv_lH.js
│  11.29 kB │ gzip:   3.53 kB
│  Vite storybook-static/assets/prolog-CbFg5uaA.js
│  11.36 kB │ gzip:   3.83 kB
│  Vite storybook-static/assets/terraform-BETggiCN.js
│  11.39 kB │ gzip:   2.51 kB
│  Vite storybook-static/assets/github-dark-DHJKELXO.js
│  11.41 kB │ gzip:   2.55 kB
│  Vite storybook-static/assets/puppet-BMWR74SV.js
│  11.44 kB │ gzip:   2.11 kB
│  Vite storybook-static/assets/laserwave-DUszq2jm.js
│  11.50 kB │ gzip:   2.58 kB
│  Vite storybook-static/assets/NotionSetupDialog.stories-CoAN8hdO.js
│  11.50 kB │ gzip:   2.62 kB
│  Vite storybook-static/assets/dagre-6UL2VRFP-CGs3OCvj.js
│  11.52 kB │ gzip:   4.37 kB
│  Vite storybook-static/assets/RepositoryCard-Bzy1I09c.js
│  11.81 kB │ gzip:   3.53 kB
│  Vite storybook-static/assets/_baseUniq-bPScDQee.js
│  11.90 kB │ gzip:   4.66 kB
│  Vite storybook-static/assets/gherkin-DyxjwDmM.js
│  11.95 kB │ gzip:   5.05 kB
│  Vite storybook-static/assets/wasm-MzD3tlZU.js
│  12.01 kB │ gzip:   2.19 kB
│  Vite storybook-static/assets/LinearSetupWizard.stories-CHxuubeW.js
│  12.05 kB │ gzip:   2.75 kB
│  Vite storybook-static/assets/hjson-D5-asLiD.js
│  12.05 kB │ gzip:   1.64 kB
│  Vite storybook-static/assets/handlebars-BL8al0AC.js
│  12.15 kB │ gzip:   2.38 kB
│  Vite storybook-static/assets/GithubWorkspaceDestination-BtbrMeRP.js
│  12.18 kB │ gzip:   2.00 kB
│  Vite storybook-static/assets/apache-Pmp26Uib.js
│  12.46 kB │ gzip:   3.72 kB
│  Vite storybook-static/assets/vesper-DU1UobuO.js
│  12.69 kB │ gzip:   1.97 kB
│  Vite storybook-static/assets/bat-BkioyH1T.js
│  12.89 kB │ gzip:   3.22 kB
│  Vite storybook-static/assets/McpConfigPrWizard-DSvX846a.js
│  12.95 kB │ gzip:   4.09 kB
│  Vite storybook-static/assets/Menu-Qg2yvStz.js
│  12.96 kB │ gzip:   4.96 kB
│  Vite storybook-static/assets/McpConfigPrWizard.stories-BqA0sBm1.js
│  12.97 kB │ gzip:   2.62 kB
│  Vite storybook-static/assets/fish-BvzEVeQv.js
│  13.04 kB │ gzip:   1.74 kB
│  Vite storybook-static/assets/v-BcVCzyr7.js
│  13.21 kB │ gzip:   2.74 kB
│  Vite storybook-static/assets/vitesse-light-CVO1_9PV.js
│  13.62 kB │ gzip:   3.04 kB
│  Vite storybook-static/assets/aurora-x-D-2ljcwZ.js
│  13.66 kB │ gzip:   2.28 kB
│  Vite storybook-static/assets/vitesse-black-Bkuqu6BP.js
│  13.68 kB │ gzip:   3.06 kB
│  Vite storybook-static/assets/NotionSetupDialog-Chzw6Wxl.js
│  13.74 kB │ gzip:   3.97 kB
│  Vite storybook-static/assets/vitesse-dark-D0r3Knsf.js
│  13.76 kB │ gzip:   3.06 kB
│  Vite storybook-static/assets/pug-CGlum2m_.js
│  13.84 kB │ gzip:   2.58 kB
│  Vite storybook-static/assets/luau-C-HG3fhB.js
│  13.96 kB │ gzip:   3.18 kB
│  Vite storybook-static/assets/synthwave-84-CbfX1IO0.js
│  14.04 kB │ gzip:   2.87 kB
│  Vite storybook-static/assets/ConfluenceSetupWizard.stories-DI3QMaL_.js
│  14.10 kB │ gzip:   3.94 kB
│  Vite storybook-static/assets/github-light-default-D7oLnXFd.js
│  14.16 kB │ gzip:   3.04 kB
│  Vite storybook-static/assets/clarity-D53aC0YG.js
│  14.28 kB │ gzip:   2.46 kB
│  Vite storybook-static/assets/github-light-high-contrast-BfjtVDDH.js
│  14.28 kB │ gzip:   3.02 kB
│  Vite storybook-static/assets/github-dark-dimmed-DH5Ifo-i.js
│  14.43 kB │ gzip:   3.13 kB
│  Vite storybook-static/assets/github-dark-default-Cuk6v7N8.js
│  14.44 kB │ gzip:   3.13 kB
│  Vite storybook-static/assets/github-dark-high-contrast-E3gJ1_iC.js
│  14.60 kB │ gzip:   3.09 kB
│  Vite storybook-static/assets/gnuplot-DdkO51Og.js
│  14.78 kB │ gzip:   3.27 kB
│  Vite storybook-static/assets/rust-B1yitclQ.js
│  15.07 kB │ gzip:   2.72 kB
│  Vite storybook-static/assets/github-webhook-secret-DoLRBCDW.js
│  15.14 kB │ gzip:   4.19 kB
│  Vite storybook-static/assets/kusto-DZf3V79B.js
│  15.17 kB │ gzip:   3.92 kB
│  Vite storybook-static/assets/actionscript-3-CoDkCxhg.js
│  15.21 kB │ gzip:   2.66 kB
│  Vite storybook-static/assets/nix-CwoSXNpI.js
│  15.51 kB │ gzip:   2.48 kB
│  Vite storybook-static/assets/lua-BaeVxFsk.js
│  15.54 kB │ gzip:   3.16 kB
│  Vite storybook-static/assets/createLucideIcon-CL6vxKPK.js
│  15.58 kB │ gzip:   5.82 kB
│  Vite storybook-static/assets/WorkspaceChatSession.stories-D05ppqoP.js
│  15.76 kB │ gzip:   3.55 kB
│  Vite storybook-static/assets/abap-BdImnpbu.js
│  15.85 kB │ gzip:   5.91 kB
│  Vite storybook-static/assets/solidity-rGO070M0.js
│  16.07 kB │ gzip:   3.11 kB
│  Vite storybook-static/assets/matlab-D7o27uSR.js
│  16.09 kB │ gzip:   3.06 kB
│  Vite storybook-static/assets/cue-D82EKSYY.js
│  16.20 kB │ gzip:   2.06 kB
│  Vite storybook-static/assets/elixir-CDX3lj18.js
│  16.32 kB │ gzip:   2.80 kB
│  Vite storybook-static/assets/diagram-PSM6KHXK-D8f96lwU.js
│  16.39 kB │ gzip:   5.93 kB
│  Vite storybook-static/assets/odin-BBf5iR-q.js
│  16.51 kB │ gzip:   2.94 kB
│  Vite storybook-static/assets/bird2-DPOp833l.js
│  16.97 kB │ gzip:   3.85 kB
│  Vite storybook-static/assets/kanagawa-wave-DWedfzmr.js
│  17.12 kB │ gzip:   2.93 kB
│  Vite storybook-static/assets/kanagawa-lotus-CfQXZHmo.js
│  17.13 kB │ gzip:   2.93 kB
│  Vite storybook-static/assets/kanagawa-dragon-CkXjmgJE.js
│  17.13 kB │ gzip:   2.95 kB
│  Vite storybook-static/assets/move-IF9eRakj.js
│  17.51 kB │ gzip:   3.07 kB
│  Vite storybook-static/assets/time-BpcGxChx.js
│  17.80 kB │ gzip:   5.90 kB
│  Vite storybook-static/assets/graphql-ChdNCCLP.js
│  18.00 kB │ gzip:   2.52 kB
│  Vite storybook-static/assets/WorkspaceActivityHeatmap-DESK8eLJ.js
│  18.02 kB │ gzip:   7.36 kB
│  Vite storybook-static/assets/liquid-DYVedYrR.js
│  18.09 kB │ gzip:   3.16 kB
│  Vite storybook-static/assets/svelte-C_ipcX3V.js
│  18.24 kB │ gzip:   3.14 kB
│  Vite storybook-static/assets/WorkspaceRepositoryPicker-Dk6hcGa1.js
│  18.26 kB │ gzip:   6.48 kB
│  Vite storybook-static/assets/material-theme-D5KoaKCx.js
│  18.62 kB │ gzip:   3.11 kB
│  Vite storybook-static/assets/material-theme-darker-BfHTSMKl.js
│  18.63 kB │ gzip:   3.11 kB
│  Vite storybook-static/assets/material-theme-ocean-CyktbL80.js
│  18.63 kB │ gzip:   3.14 kB
│  Vite storybook-static/assets/material-theme-lighter-B0m2ddpp.js
│  18.63 kB │ gzip:   3.11 kB
│  Vite storybook-static/assets/material-theme-palenight-Csfq5Kiy.js
│  18.64 kB │ gzip:   3.13 kB
│  Vite storybook-static/assets/gdscript-C5YyOfLZ.js
│  18.99 kB │ gzip:   3.75 kB
│  Vite storybook-static/assets/groovy-gcz8RCvz.js
│  19.18 kB │ gzip:   3.60 kB
│  Vite storybook-static/assets/mdc-BMNejdWA.js
│  19.63 kB │ gzip:   6.66 kB
│  Vite storybook-static/assets/pending-workspace-compose-CH7KP98W.js
│  19.76 kB │ gzip:   6.53 kB
│  Vite storybook-static/assets/glimmer-js-Rg0-pVw9.js
│  20.07 kB │ gzip:   2.95 kB
│  Vite storybook-static/assets/glimmer-ts-U6CK756n.js
│  20.07 kB │ gzip:   2.94 kB
│  Vite storybook-static/assets/ayu-dark-DYE7WIF3.js
│  20.08 kB │ gzip:   3.94 kB
│  Vite storybook-static/assets/ayu-mirage-32ctXXKs.js
│  20.09 kB │ gzip:   3.94 kB
│  Vite storybook-static/assets/powershell-Dpen1YoG.js
│  20.15 kB │ gzip:   4.07 kB
│  Vite storybook-static/assets/ayu-light-BA47KaF1.js
│  20.15 kB │ gzip:   3.93 kB
│  Vite storybook-static/assets/viml-CJc9bBzg.js
│  20.37 kB │ gzip:   6.73 kB
│  Vite storybook-static/assets/nushell-Cz2AlsmD.js
│  20.41 kB │ gzip:   5.22 kB
│  Vite storybook-static/assets/kanban-definition-3W4ZIXB7-CnhVzlVO.js
│  20.71 kB │ gzip:   7.43 kB
│  Vite storybook-static/assets/snazzy-light-Bw305WKR.js
│  20.77 kB │ gzip:   3.83 kB
│  Vite storybook-static/assets/dracula-BzJJZx-M.js
│  21.07 kB │ gzip:   4.00 kB
│  Vite storybook-static/assets/dracula-soft-BXkSAIEj.js
│  21.08 kB │ gzip:   4.04 kB
│  Vite storybook-static/assets/WorkspaceSettingsPane-DQTiRD5e.js
│  21.21 kB │ gzip:   4.87 kB
│  Vite storybook-static/assets/twig-DNn4PbVi.js
│  21.36 kB │ gzip:   3.87 kB
│  Vite storybook-static/assets/mindmap-definition-VGOIOE7T-CMPbpj-d.js
│  21.43 kB │ gzip:   7.56 kB
│  Vite storybook-static/assets/wit-5i3qLPDT.js
│  21.47 kB │ gzip:   2.89 kB
│  Vite storybook-static/assets/rose-pine-qdsjHGoJ.js
│  21.74 kB │ gzip:   3.87 kB
│  Vite storybook-static/assets/rose-pine-moon-D4_iv3hh.js
│  21.75 kB │ gzip:   3.89 kB
│  Vite storybook-static/assets/rose-pine-dawn-DHQR4-dF.js
│  21.75 kB │ gzip:   3.89 kB
│  Vite storybook-static/assets/nim-CVrawwO9.js
│  22.46 kB │ gzip:   3.16 kB
│  Vite storybook-static/assets/WorkspaceSurface.stories-CPiEWMAc.js
│  22.54 kB │ gzip:   5.87 kB
│  Vite storybook-static/assets/common-lisp-Cg-RD9OK.js
│  22.58 kB │ gzip:   6.06 kB
│  Vite storybook-static/assets/surrealql-Bq5Q-fJD.js
│  22.58 kB │ gzip:   4.32 kB
│  Vite storybook-static/assets/sankeyDiagram-TZEHDZUN-98fA2dYh.js
│  22.63 kB │ gzip:   8.40 kB
│  Vite storybook-static/assets/gruvbox-dark-hard-CFHQjOhq.js
│  22.63 kB │ gzip:   4.18 kB
│  Vite storybook-static/assets/gruvbox-dark-soft-CVdnzihN.js
│  22.63 kB │ gzip:   4.17 kB
│  Vite storybook-static/assets/gruvbox-light-hard-CH1njM8p.js
│  22.64 kB │ gzip:   4.18 kB
│  Vite storybook-static/assets/gruvbox-light-soft-hJgmCMqR.js
│  22.64 kB │ gzip:   4.18 kB
│  Vite storybook-static/assets/gruvbox-dark-medium-GsRaNv29.js
│  22.64 kB │ gzip:   4.18 kB
│  Vite storybook-static/assets/gruvbox-light-medium-DRw_LuNl.js
│  22.64 kB │ gzip:   4.18 kB
│  Vite storybook-static/assets/LinearSetupWizard-DUPZ00Q0.js
│  23.37 kB │ gzip:   6.00 kB
│  Vite storybook-static/assets/sql-BLtJtn59.js
│  23.41 kB │ gzip:   7.40 kB
│  Vite storybook-static/assets/cadence-Bv_4Rxtq.js
│  23.67 kB │ gzip:   3.67 kB
│  Vite storybook-static/assets/astro-CbQHKStN.js
│  24.01 kB │ gzip:   7.54 kB
│  Vite storybook-static/assets/typespec-BGHnOYBU.js
│  24.02 kB │ gzip:   2.59 kB
│  Vite storybook-static/assets/apl-dKokRX4l.js
│  24.04 kB │ gzip:   4.20 kB
│  Vite storybook-static/assets/journeyDiagram-XKPGCS4Q-C3S2Ea5c.js
│  24.06 kB │ gzip:   8.58 kB
│  Vite storybook-static/assets/templ-P3uqSqPl.js
│  24.06 kB │ gzip:   5.40 kB
│  Vite storybook-static/assets/timeline-definition-IT6M3QCI-CNO3dAB4.js
│  24.11 kB │ gzip:   8.49 kB
│  Vite storybook-static/assets/vhdl-CeAyd5Ju.js
│  24.26 kB │ gzip:   3.87 kB
│  Vite storybook-static/assets/angular-html-CU67Zn6k.js
│  24.29 kB │ gzip:   4.01 kB
│  Vite storybook-static/assets/-connectors.stories-B34vGRaf.js
│  24.48 kB │ gzip:   6.90 kB
│  Vite storybook-static/assets/vue-DN_0RTcg.js
│  24.48 kB │ gzip:   2.97 kB
│  Vite storybook-static/assets/gitGraphDiagram-V2S2FVAM-DWtzVo--.js
│  24.65 kB │ gzip:   7.69 kB
│  Vite storybook-static/assets/purescript-CklMAg4u.js
│  24.69 kB │ gzip:   3.25 kB
│  Vite storybook-static/assets/workspace-fixtures-DK86zzIh.js
│  24.89 kB │ gzip:   6.16 kB
│  Vite storybook-static/assets/WorkspacePane.stories-CjP5ofBJ.js
│  25.02 kB │ gzip:   4.64 kB
│  Vite storybook-static/assets/one-light-C3Wv6jpd.js
│  25.30 kB │ gzip:   3.67 kB
│  Vite storybook-static/assets/fsharp-CXgrBDvD.js
│  25.31 kB │ gzip:   4.13 kB
│  Vite storybook-static/assets/marko-CnJfTvn9.js
│  25.48 kB │ gzip:   3.59 kB
│  Vite storybook-static/assets/c3-eo99z4R2.js
│  25.63 kB │ gzip:   3.87 kB
│  Vite storybook-static/assets/erDiagram-Q2GNP2WA-sTZUa4s-.js
│  25.76 kB │ gzip:   9.09 kB
│  Vite storybook-static/assets/night-owl-light-CMTm3GFP.js
│  25.90 kB │ gzip:   4.26 kB
│  Vite storybook-static/assets/system-verilog-CnnmHF94.js
│  26.20 kB │ gzip:   4.85 kB
│  Vite storybook-static/assets/GithubRepoPickerList-Dqv8Ewm8.js
│  26.44 kB │ gzip:   8.30 kB
│  Vite storybook-static/assets/nord-Ddv68eIx.js
│  26.72 kB │ gzip:   4.40 kB
│  Vite storybook-static/assets/codeql-DsOJ9woJ.js
│  26.88 kB │ gzip:   3.79 kB
│  Vite storybook-static/assets/scss-OYdSNvt2.js
│  27.20 kB │ gzip:   4.20 kB
│  Vite storybook-static/assets/java-CylS5w8V.js
│  27.22 kB │ gzip:   4.26 kB
│  Vite storybook-static/assets/layout-BPmoSYhp.js
│  27.39 kB │ gzip:   9.74 kB
│  Vite storybook-static/assets/coffee-Ch7k5sss.js
│  27.42 kB │ gzip:   6.35 kB
│  Vite storybook-static/assets/WorkspaceGraphPane-VKL1AX7K.js
│  27.50 kB │ gzip:   7.29 kB
│  Vite storybook-static/assets/razor-Uh8Bk_45.js
│  27.51 kB │ gzip:   3.57 kB
│  Vite storybook-static/assets/bundle-mjs-CBvgXdwM.js
│  27.53 kB │ gzip:   8.66 kB
│  Vite storybook-static/vite-inject-mocker-entry.js
│  28.11 kB │ gzip:   9.82 kB
│  Vite storybook-static/assets/NodeDetailDrawer-phWs7vjm.js
│  28.59 kB │ gzip:   9.86 kB
│  Vite storybook-static/assets/scala-C151Ov-r.js
│  28.88 kB │ gzip:   3.94 kB
│  Vite storybook-static/assets/night-owl-C39BiMTA.js
│  28.91 kB │ gzip:   5.16 kB
│  Vite storybook-static/assets/matchers-5TDFFDYO-HJu_DfWo.js
│  29.23 kB │ gzip:  10.06 kB
│  Vite storybook-static/assets/crystal-tKQVLTB8.js
│  29.39 kB │ gzip:   4.44 kB
│  Vite storybook-static/assets/mermaid-mWjccvbQ.js
│  29.51 kB │ gzip:   3.66 kB
│  Vite storybook-static/assets/applescript-Co6uUVPk.js
│  29.57 kB │ gzip:   5.93 kB
│  Vite storybook-static/assets/Color-FRDS63T2-Cfuv-hZW.js
│  30.08 kB │ gzip:  11.41 kB
│  Vite storybook-static/assets/index-Ovj6du_Z.js
│  30.32 kB │ gzip:   8.22 kB
│  Vite storybook-static/assets/pierre-dark-CyvmCCZW.js
│  30.55 kB │ gzip:   4.76 kB
│  Vite storybook-static/assets/pierre-light-480U9XYS.js
│  30.55 kB │ gzip:   4.75 kB
│  Vite storybook-static/assets/pierre-dark-soft-BHGpRqa4.js
│  30.56 kB │ gzip:   4.79 kB
│  Vite storybook-static/assets/pierre-light-soft-CVdyfjmI.js
│  30.56 kB │ gzip:   4.76 kB
│  Vite storybook-static/assets/pierre-dark-tritanopia-Beq2gCRQ.js
│  30.57 kB │ gzip:   4.70 kB
│  Vite storybook-static/assets/pierre-light-tritanopia-B4_gpKOM.js
│  30.57 kB │ gzip:   4.70 kB
│  Vite storybook-static/assets/requirementDiagram-UZGBJVZJ-CvywxqPo.js
│  30.60 kB │ gzip:   9.69 kB
│  Vite
│  storybook-static/assets/pierre-dark-protanopia-deuteranopia-Rgc0TwpF.js
│  30.60 kB │ gzip:   4.78 kB
│  Vite
│  storybook-static/assets/pierre-light-protanopia-deuteranopia-CaVOBURG.js
│  30.60 kB │ gzip:   4.73 kB
│  Vite storybook-static/assets/julia-CxzCAyBv.js
│  31.07 kB │ gzip:   4.33 kB
│  Vite storybook-static/assets/stylus-BEDo0Tqx.js
│  31.07 kB │ gzip:   7.99 kB
│  Vite storybook-static/assets/WithTooltip-65CFNBJE-bk-7q8Gu.js
│  33.19 kB │ gzip:  11.69 kB
│  Vite storybook-static/assets/poimandres-CS3Unz2-.js
│  33.49 kB │ gzip:   5.50 kB
│  Vite storybook-static/assets/one-dark-pro-DVMEJ2y_.js
│  33.79 kB │ gzip:   5.52 kB
│  Vite storybook-static/assets/bsl-BO_Y6i37.js
│  33.87 kB │ gzip:   8.35 kB
│  Vite storybook-static/assets/Modal-B5SHJ82H.js
│  34.02 kB │ gzip:  12.05 kB
│  Vite storybook-static/assets/quadrantDiagram-AYHSOK5B-BoH4Q0AP.js
│  34.36 kB │ gzip:  10.21 kB
│  Vite storybook-static/assets/haxe-CzTSHFRz.js
│  35.16 kB │ gzip:   5.91 kB
│  Vite storybook-static/assets/nginx-BpAMiNFr.js
│  35.37 kB │ gzip:   4.43 kB
│  Vite storybook-static/assets/houston-DnULxvSX.js
│  35.42 kB │ gzip:   5.78 kB
│  Vite storybook-static/assets/tokyo-night-hegEt444.js
│  35.67 kB │ gzip:   6.24 kB
│  Vite storybook-static/assets/ComboBox-MdZunSf4.js
│  36.28 kB │ gzip:   9.57 kB
│  Vite storybook-static/assets/chunk-DI55MBZ5-BPELM8N-.js
│  36.34 kB │ gzip:  11.86 kB
│  Vite storybook-static/assets/Popover-BRavuWB4.js
│  36.57 kB │ gzip:  12.14 kB
│  Vite storybook-static/assets/erlang-DsQrWhSR.js
│  37.48 kB │ gzip:   4.40 kB
│  Vite storybook-static/assets/cobol-nwyudZeR.js
│  39.15 kB │ gzip:  10.87 kB
│  Vite storybook-static/assets/xychartDiagram-PRI3JC2R-DxAZZKIg.js
│  39.52 kB │ gzip:  11.25 kB
│  Vite storybook-static/assets/asm-D_Q5rh1f.js
│  40.72 kB │ gzip:   8.21 kB
│  Vite storybook-static/assets/shellscript-Yzrsuije.js
│  41.48 kB │ gzip:   6.09 kB
│  Vite storybook-static/assets/haskell-Df6bDoY_.js
│  41.49 kB │ gzip:   6.44 kB
│  Vite storybook-static/assets/WorkspacePane-BSv-Mc1Z.js
│  42.39 kB │ gzip:   9.37 kB
│  Vite storybook-static/assets/perl-C0TMdlhV.js
│  43.16 kB │ gzip:   4.67 kB
│  Vite storybook-static/assets/d-85-TOEBH.js
│  43.80 kB │ gzip:   8.47 kB
│  Vite storybook-static/assets/pierre-dark-vibrant-BWBVywrn.js
│  44.76 kB │ gzip:   5.33 kB
│  Vite storybook-static/assets/pierre-light-vibrant-DdTDNdfJ.js
│  44.76 kB │ gzip:   5.31 kB
│  Vite storybook-static/assets/chunk-B4BG7PRW-BWn0-z4q.js
│  45.36 kB │ gzip:  14.73 kB
│  Vite storybook-static/assets/ruby-Dw2BHqvy.js
│  45.95 kB │ gzip:   5.68 kB
│  Vite storybook-static/assets/go-CxLEBnE3.js
│  46.81 kB │ gzip:   5.18 kB
│  Vite storybook-static/assets/apex-D8_7TLub.js
│  46.99 kB │ gzip:   6.77 kB
│  Vite storybook-static/assets/catppuccin-mocha-D87Tk5Gz.js
│  47.26 kB │ gzip:   8.00 kB
│  Vite storybook-static/assets/catppuccin-latte-C9dUb6Cb.js
│  47.26 kB │ gzip:   8.00 kB
│  Vite storybook-static/assets/catppuccin-frappe-DFWUc33u.js
│  47.26 kB │ gzip:   8.02 kB
│  Vite storybook-static/assets/catppuccin-macchiato-DQyhUUbL.js
│  47.26 kB │ gzip:   8.01 kB
│  Vite storybook-static/assets/SelectionIndicator-DiCmQIwU.js
│  47.33 kB │ gzip:  14.35 kB
│  Vite storybook-static/assets/ada-bCR0ucgS.js
│  48.08 kB │ gzip:   6.03 kB
│  Vite storybook-static/assets/Button-CZl2Xm9d.js
│  48.42 kB │ gzip:  16.69 kB
│  Vite storybook-static/assets/css-DPfMkruS.js
│  49.02 kB │ gzip:  11.85 kB
│  Vite storybook-static/assets/imba-DGztddWO.js
│  49.93 kB │ gzip:   9.46 kB
│  Vite storybook-static/assets/ganttDiagram-JELNMOA3-PU1zucAo.js
│  51.29 kB │ gzip:  17.86 kB
│  Vite storybook-static/assets/everforest-dark-BgDCqdQA.js
│  53.75 kB │ gzip:   8.42 kB
│  Vite storybook-static/assets/everforest-light-C8M2exoo.js
│  53.75 kB │ gzip:   8.42 kB
│  Vite storybook-static/assets/wikitext-BhOHFoWU.js
│  55.89 kB │ gzip:   4.76 kB
│  Vite storybook-static/assets/dropdown-menu-8UtKBcjS.js
│  56.03 kB │ gzip:  19.56 kB
│  Vite storybook-static/assets/stata-BH5u7GGu.js
│  56.99 kB │ gzip:  12.36 kB
│  Vite storybook-static/assets/html-GMplVEZG.js
│  57.25 kB │ gzip:  11.69 kB
│  Vite storybook-static/assets/ballerina-BFfxhgS-.js
│  58.69 kB │ gzip:   8.15 kB
│  Vite storybook-static/assets/markdown-Cvjx9yec.js
│  59.34 kB │ gzip:   5.64 kB
│  Vite storybook-static/assets/transform-NhRjHVtn.js
│  59.94 kB │ gzip:  21.14 kB
│  Vite storybook-static/assets/flowDiagram-NV44I4VS-BNPA7yly.js
│  60.97 kB │ gzip:  19.71 kB
│  Vite storybook-static/assets/ocaml-C0hk2d4L.js
│  62.45 kB │ gzip:   5.02 kB
│  Vite storybook-static/assets/mojo-rZm6bMo-.js
│  69.80 kB │ gzip:   9.27 kB
│  Vite storybook-static/assets/python-B6aJPvgy.js
│  69.95 kB │ gzip:   9.13 kB
│  Vite storybook-static/assets/c4Diagram-YG6GDRKO-CGcU46BK.js
│  70.65 kB │ gzip:  19.94 kB
│  Vite storybook-static/assets/c-BIGW1oBm.js
│  72.11 kB │ gzip:  10.51 kB
│  Vite storybook-static/assets/blockDiagram-VD42YOAC-BlyTWfYi.js
│  72.30 kB │ gzip:  20.77 kB
│  Vite storybook-static/assets/latex-CWtU0Tv5.js
│  72.64 kB │ gzip:   6.72 kB
│  Vite storybook-static/assets/vyper-CDx5xZoG.js
│  74.65 kB │ gzip:  10.74 kB
│  Vite storybook-static/assets/syntaxhighlighter-OH4MV7E3-aYSlemMm.js
│  78.27 kB │ gzip:  27.44 kB
│  Vite storybook-static/assets/hack-CaT9iCJl.js
│  80.24 kB │ gzip:  26.21 kB
│  Vite storybook-static/assets/webgl-device-CSH_hMe8.js
│  81.18 kB │ gzip:  24.03 kB
│  Vite storybook-static/assets/band-Cq4bxuHe.js
│  81.61 kB │ gzip:  28.18 kB
│  Vite storybook-static/assets/cose-bilkent-S5V4N54A-DCm9VN-N.js
│  82.22 kB │ gzip:  22.74 kB
│  Vite storybook-static/assets/swift-D82vCrfD.js
│  86.69 kB │ gzip:  14.73 kB
│  Vite
│  storybook-static/assets/getDisabledMountTransitionStyles-BhQujHpC.js
│  87.85 kB │ gzip:  30.96 kB
│  Vite storybook-static/assets/fortran-free-form-BxgE0vQu.js
│  88.97 kB │ gzip:  11.27 kB
│  Vite storybook-static/assets/csharp-COcwbKMJ.js
│  89.69 kB │ gzip:  10.69 kB
│  Vite storybook-static/assets/racket-BqYA7rlc.js
│  92.39 kB │ gzip:  15.02 kB
│  Vite storybook-static/assets/less-B1dDrJ26.js
│  97.63 kB │ gzip:  14.70 kB
│  Vite storybook-static/assets/sequenceDiagram-WL72ISMW-DEb6VV3V.js
│  98.33 kB │ gzip:  27.12 kB
│  Vite storybook-static/assets/blade-D4QpJJKB.js
│  104.98 kB │ gzip:  28.20 kB
│  Vite storybook-static/assets/objective-c-DXmwc3jG.js
│  105.41 kB │ gzip:  23.33 kB
│  Vite storybook-static/assets/php-Dhbhpdrm.js
│  111.06 kB │ gzip:  28.52 kB
│  Vite storybook-static/assets/asciidoc-Ve4PFQV2.js
│  131.53 kB │ gzip:   9.34 kB
│  Vite storybook-static/assets/mdx-Cmh6b_Ma.js
│  136.11 kB │ gzip:  23.35 kB
│  Vite storybook-static/assets/architectureDiagram-VXUJARFQ-nXvEq-uc.js
│  149.15 kB │ gzip:  42.33 kB
│  Vite storybook-static/assets/WorkspaceChatSession-DDeUnPof.js
│  167.37 kB │ gzip:  44.57 kB
│  Vite storybook-static/assets/objective-cpp-CLxacb5B.js
│  171.97 kB │ gzip:  30.62 kB
│  Vite storybook-static/assets/javascript-wDzz0qaB.js
│  174.83 kB │ gzip:  16.51 kB
│  Vite storybook-static/assets/tsx-COt5Ahok.js
│  175.54 kB │ gzip:  16.51 kB
│  Vite storybook-static/assets/jsx-g9-lgVsj.js
│  177.79 kB │ gzip:  16.61 kB
│  Vite storybook-static/assets/typescript-BPQ3VLAy.js
│  181.08 kB │ gzip:  16.04 kB
│  Vite storybook-static/assets/react-18-6FbH22vi.js
│  181.13 kB │ gzip:  57.03 kB
│  Vite storybook-static/assets/angular-ts-BwZT4LLn.js
│  183.82 kB │ gzip:  16.63 kB
│  Vite storybook-static/assets/vue-vine-CQOfvN7w.js
│  190.05 kB │ gzip:  17.98 kB
│  Vite storybook-static/assets/engine-compile-BKym3tW2.js
│  210.54 kB │ gzip:  67.14 kB
│  Vite storybook-static/assets/WorkspaceFileTree-BaFEx30U.js
│  261.50 kB │ gzip:  74.63 kB
│  Vite storybook-static/assets/wolfram-lXgVvXCa.js
│  262.39 kB │ gzip:  77.14 kB
│  Vite storybook-static/assets/cytoscape.esm-5J0xJHOV.js
│  441.64 kB │ gzip: 141.47 kB
│  Vite storybook-static/assets/treemap-GDKQZRPO-Bqj9omTz.js
│  452.78 kB │ gzip: 107.21 kB
│  Vite storybook-static/assets/WorkspacePierreFile-nH8P5L1-.js
│  490.38 kB │ gzip: 135.00 kB
│  Vite storybook-static/assets/axe-CWIhLBuD.js
│  583.20 kB │ gzip: 160.52 kB
│  Vite storybook-static/assets/wasm-CG6Dc4jp.js
│  622.34 kB │ gzip: 230.29 kB
│  Vite storybook-static/assets/cpp-CofmeUqb.js
│  626.08 kB │ gzip:  44.82 kB
│  Vite storybook-static/assets/emacs-lisp-C9XAeP06.js
│  779.85 kB │ gzip: 196.03 kB
│  Vite storybook-static/assets/entry-page-decorators-C8FduCYy.js
│  789.61 kB │ gzip: 238.21 kB
│  Vite storybook-static/assets/DocsRenderer-LL677BLK-CkFzdFld.js
│  814.95 kB │ gzip: 260.76 kB
│  Vite storybook-static/assets/mermaid-3ZIDBTTL-B1GVyPKP.js
│  1,165.80 kB │ gzip: 340.85 kB
│  Vite storybook-static/assets/iframe-DRQfpQ-N.js
│  1,411.60 kB │ gzip: 415.43 kB
│  Vite
│  storybook-static/assets/KnowledgeGraphCosmographCanvas-B-uLcNSw.js
│  1,766.29 kB │ gzip: 398.40 kB
│
▲  Vite
│  (!) Some chunks are larger than 500 kB after minification. Consider:
│  - Using dynamic import() to code-split the application
│  - Use build.rollupOptions.output.manualChunks to improve chunking:
│  ]8;;https://rollupjs.org/configuration-options/#output-manualchunkshttps://rollupjs.org/configuration-options/#output-manualchunks]8;;
│  - Adjust chunk size limit for this warning via
│  build.chunkSizeWarningLimit.
│  Vite ✓ built in 27.96s
│
◇  Output directory:
│  /private/tmp/ctxpipe-recovery-01a07aba/apps/ui/storybook-static
│
└  Storybook build completed successfully

