TAP version 13
# Subtest: a diagnostic removed from the committed baseline cannot be added back
not ok 1 - a diagnostic removed from the committed baseline cannot be added back
  ---
  duration_ms: 163.177833
  type: 'test'
  location: '/private/tmp/ctxpipe-recovery-01a07aba/scripts/tests/ci-allowlist-history.test.mjs:9:1'
  failureType: 'testCodeFailure'
  error: |-
    Expected values to be strictly equal:
    
    1 !== 0
    
  code: 'ERR_ASSERTION'
  name: 'AssertionError'
  expected: 0
  actual: 1
  operator: 'strictEqual'
  stack: |-
    TestContext.<anonymous> (file:///private/tmp/ctxpipe-recovery-01a07aba/scripts/tests/ci-allowlist-history.test.mjs:30:12)
    Test.runInAsyncScope (node:async_hooks:214:14)
    Test.run (node:internal/test_runner/test:1047:25)
    Test.start (node:internal/test_runner/test:944:17)
    startSubtestAfterBootstrap (node:internal/test_runner/harness:296:17)
  ...
1..1
# tests 1
# suites 0
# pass 0
# fail 1
# cancelled 0
# skipped 0
# todo 0
# duration_ms 208.538125
