TAP version 13
# Subtest: a diagnostic removed from the committed baseline cannot be added back
ok 1 - a diagnostic removed from the committed baseline cannot be added back
  ---
  duration_ms: 819.777584
  type: 'test'
  ...
# Subtest: missing git is a failed prerequisite, never an optional test skip
ok 2 - missing git is a failed prerequisite, never an optional test skip
  ---
  duration_ms: 86.436083
  type: 'test'
  ...
# Subtest: proof policy rejects aliased skips, retries and owned module mocks without matching prose
not ok 3 - proof policy rejects aliased skips, retries and owned module mocks without matching prose
  ---
  duration_ms: 8746.24725
  type: 'test'
  location: '/private/tmp/ctxpipe-recovery-01a07aba/scripts/tests/ci-test-policy.test.mjs:9:1'
  failureType: 'testCodeFailure'
  error: |-
    ../../../var/folders/9t/jj9rnpps7_ddb72c1mq2k13w0000gn/T/ctxpipe-proof-policy-u9Lq6R/contract.test.ts:1 Blind test retries are forbidden
    
    
    1 !== 0
    
  code: 'ERR_ASSERTION'
  name: 'AssertionError'
  expected: 0
  actual: 1
  operator: 'strictEqual'
  stack: |-
    TestContext.<anonymous> (file:///private/tmp/ctxpipe-recovery-01a07aba/scripts/tests/ci-test-policy.test.mjs:72:12)
    Test.runInAsyncScope (node:async_hooks:214:14)
    Test.run (node:internal/test_runner/test:1047:25)
    Test.start (node:internal/test_runner/test:944:17)
    startSubtestAfterBootstrap (node:internal/test_runner/harness:296:17)
  ...
# Subtest: a known failing test must execute, and cannot cover a different failure or skipped proof
ok 4 - a known failing test must execute, and cannot cover a different failure or skipped proof
  ---
  duration_ms: 278.487708
  type: 'test'
  ...
# Subtest: a known diagnostic cannot hide a new error outside the workspace paths
ok 5 - a known diagnostic cannot hide a new error outside the workspace paths
  ---
  duration_ms: 1237.332042
  type: 'test'
  ...
1..5
# tests 5
# suites 0
# pass 4
# fail 1
# cancelled 0
# skipped 0
# todo 0
# duration_ms 8829.227959
