TAP version 13
# Subtest: proof policy rejects aliased skips, retries and owned module mocks without matching prose
not ok 1 - proof policy rejects aliased skips, retries and owned module mocks without matching prose
  ---
  duration_ms: 13643.334834
  type: 'test'
  location: '/private/tmp/ctxpipe-recovery-01a07aba/scripts/tests/ci-test-policy.test.mjs:9:1'
  failureType: 'testCodeFailure'
  error: |-
    ../../../var/folders/9t/jj9rnpps7_ddb72c1mq2k13w0000gn/T/ctxpipe-proof-policy-MfNLFd/contract.test.ts:1 Test arguments must use statically declared options and callbacks
    
    
    1 !== 0
    
  code: 'ERR_ASSERTION'
  name: 'AssertionError'
  expected: 0
  actual: 1
  operator: 'strictEqual'
  stack: |-
    TestContext.<anonymous> (file:///private/tmp/ctxpipe-recovery-01a07aba/scripts/tests/ci-test-policy.test.mjs:129:12)
    Test.runInAsyncScope (node:async_hooks:214:14)
    Test.run (node:internal/test_runner/test:1047:25)
    Test.start (node:internal/test_runner/test:944:17)
    startSubtestAfterBootstrap (node:internal/test_runner/harness:296:17)
  ...
1..1
# tests 1
# suites 0
# pass 0
# fail 1
# cancelled 0
# skipped 0
# todo 0
# duration_ms 13690.724916
