TAP version 13
# Subtest: a diagnostic removed from the committed baseline cannot be added back
ok 1 - a diagnostic removed from the committed baseline cannot be added back
  ---
  duration_ms: 499.883542
  type: 'test'
  ...
# Subtest: missing git is a failed prerequisite, never an optional test skip
ok 2 - missing git is a failed prerequisite, never an optional test skip
  ---
  duration_ms: 34.429958
  type: 'test'
  ...
# Subtest: proof policy rejects aliased skips, retries and owned module mocks without matching prose
ok 3 - proof policy rejects aliased skips, retries and owned module mocks without matching prose
  ---
  duration_ms: 5125.44275
  type: 'test'
  ...
# Subtest: a known failing test must execute, and cannot cover a different failure or skipped proof
ok 4 - a known failing test must execute, and cannot cover a different failure or skipped proof
  ---
  duration_ms: 171.05525
  type: 'test'
  ...
# Subtest: a known diagnostic cannot hide a new error outside the workspace paths
ok 5 - a known diagnostic cannot hide a new error outside the workspace paths
  ---
  duration_ms: 891.856291
  type: 'test'
  ...
1..5
# tests 5
# suites 0
# pass 5
# fail 0
# cancelled 0
# skipped 0
# todo 0
# duration_ms 5171.403666
