TAP version 13
# Subtest: missing git is a failed prerequisite, never an optional test skip
not ok 1 - missing git is a failed prerequisite, never an optional test skip
  ---
  duration_ms: 26.05825
  type: 'test'
  location: '/private/tmp/ctxpipe-recovery-01a07aba/scripts/tests/ci-prerequisites.test.mjs:6:1'
  failureType: 'testCodeFailure'
  error: |-
    The input did not match the regular expression /Required prerequisite git/. Input:
    
    'node:internal/modules/cjs/loader:1404\n' +
      '  throw err;\n' +
      '  ^\n' +
      '\n' +
      "Error: Cannot find module '/private/tmp/ctxpipe-recovery-01a07aba/scripts/ci/prerequisites.mjs'\n" +
      '    at Function._resolveFilename (node:internal/modules/cjs/loader:1401:15)\n' +
      '    at defaultResolveImpl (node:internal/modules/cjs/loader:1057:19)\n' +
      '    at resolveForCJSWithHooks (node:internal/modules/cjs/loader:1062:22)\n' +
      '    at Function._load (node:internal/modules/cjs/loader:1211:37)\n' +
      '    at TracingChannel.traceSync (node:diagnostics_channel:322:14)\n' +
      '    at wrapModuleLoad (node:internal/modules/cjs/loader:235:24)\n' +
      '    at Function.executeUserEntryPoint [as runMain] (node:internal/modules/run_main:171:5)\n' +
      '    at node:internal/main/run_main_module:36:49 {\n' +
      "  code: 'MODULE_NOT_FOUND',\n" +
      '  requireStack: []\n' +
      '}\n' +
      '\n' +
      'Node.js v22.16.0\n'
    
  code: 'ERR_ASSERTION'
  name: 'AssertionError'
  expected:
  actual: |-
    node:internal/modules/cjs/loader:1404
      throw err;
      ^
    
    Error: Cannot find module '/private/tmp/ctxpipe-recovery-01a07aba/scripts/ci/prerequisites.mjs'
        at Function._resolveFilename (node:internal/modules/cjs/loader:1401:15)
        at defaultResolveImpl (node:internal/modules/cjs/loader:1057:19)
        at resolveForCJSWithHooks (node:internal/modules/cjs/loader:1062:22)
        at Function._load (node:internal/modules/cjs/loader:1211:37)
        at TracingChannel.traceSync (node:diagnostics_channel:322:14)
        at wrapModuleLoad (node:internal/modules/cjs/loader:235:24)
        at Function.executeUserEntryPoint [as runMain] (node:internal/modules/run_main:171:5)
        at node:internal/main/run_main_module:36:49 {
      code: 'MODULE_NOT_FOUND',
      requireStack: []
    }
    
    Node.js v22.16.0
    
  operator: 'match'
  stack: |-
    TestContext.<anonymous> (file:///private/tmp/ctxpipe-recovery-01a07aba/scripts/tests/ci-prerequisites.test.mjs:11:10)
    Test.runInAsyncScope (node:async_hooks:214:14)
    Test.run (node:internal/test_runner/test:1047:25)
    Test.start (node:internal/test_runner/test:944:17)
    startSubtestAfterBootstrap (node:internal/test_runner/harness:296:17)
  ...
1..1
# tests 1
# suites 0
# pass 0
# fail 1
# cancelled 0
# skipped 0
# todo 0
# duration_ms 66.97375
