[0m[1mInitializing modules...[0m
- ctxpipe in module/ctxpipe
[0m[1mInitializing provider plugins...[0m
- terraform.io/builtin/terraform is built in to Terraform
- Reusing previous version of terraform-community-providers/railway from the dependency lock file
- Reusing previous version of kislerdm/neon from the dependency lock file
- Installing terraform-community-providers/railway v0.6.1...
- Installed terraform-community-providers/railway v0.6.1 (self-signed, key ID [0m[1m116DB5C646B1F487[0m[0m)
- Installing kislerdm/neon v0.13.0...
- Installed kislerdm/neon v0.13.0 (self-signed, key ID [0m[1mD2D88CF3ABDC92DA[0m[0m)
Partner and community providers are signed by their developers.
If you'd like to know more about provider signing, you can read about it here:
https://developer.hashicorp.com/terraform/cli/plugins/signing

[0m[1m[32mTerraform has been successfully initialized![0m[32m[0m
[0m[32m
You may now begin working with Terraform. Try running "terraform plan" to see
any changes that are required for your infrastructure. All Terraform commands
should now work.

If you ever set or change modules or backend configuration for Terraform,
rerun this command to reinitialize your working directory. If you forget, other
commands will detect it and remind you to do so if necessary.[0m
