src/db/client.ts(87,39): error TS2769: No overload matches this call.
  Overload 1 of 2, '(store: OrgDbStore, callback: () => Promise<T>): Promise<T>', gave the following error.
    Type 'PgAsyncTransaction<NodePgQueryResultHKT, typeof import("/private/tmp/ctxpipe-recovery-01a07aba/apps/codesearch/src/db/schema"), EmptyRelations, ExtractTablesWithRelations<typeof import("/private/tmp/ctxpipe-recovery-01a07aba/apps/codesearch/src/db/schema")>>' is not assignable to type 'NodePgDatabase<typeof import("/private/tmp/ctxpipe-recovery-01a07aba/apps/codesearch/src/db/schema"), EmptyRelations> & { $client: Pool; }'.
      Property '$client' is missing in type 'PgAsyncTransaction<NodePgQueryResultHKT, typeof import("/private/tmp/ctxpipe-recovery-01a07aba/apps/codesearch/src/db/schema"), EmptyRelations, ExtractTablesWithRelations<typeof import("/private/tmp/ctxpipe-recovery-01a07aba/apps/codesearch/src/db/schema")>>' but required in type '{ $client: Pool; }'.
  Overload 2 of 2, '(store: OrgDbStore, callback: () => Promise<T>): Promise<T>', gave the following error.
    Type 'PgAsyncTransaction<NodePgQueryResultHKT, typeof import("/private/tmp/ctxpipe-recovery-01a07aba/apps/codesearch/src/db/schema"), EmptyRelations, ExtractTablesWithRelations<typeof import("/private/tmp/ctxpipe-recovery-01a07aba/apps/codesearch/src/db/schema")>>' is not assignable to type 'NodePgDatabase<typeof import("/private/tmp/ctxpipe-recovery-01a07aba/apps/codesearch/src/db/schema"), EmptyRelations> & { $client: Pool; }'.
      Property '$client' is missing in type 'PgAsyncTransaction<NodePgQueryResultHKT, typeof import("/private/tmp/ctxpipe-recovery-01a07aba/apps/codesearch/src/db/schema"), EmptyRelations, ExtractTablesWithRelations<typeof import("/private/tmp/ctxpipe-recovery-01a07aba/apps/codesearch/src/db/schema")>>' but required in type '{ $client: Pool; }'.
src/db/client.ts(87,76): error TS2345: Argument of type 'PgAsyncTransaction<NodePgQueryResultHKT, typeof import("/private/tmp/ctxpipe-recovery-01a07aba/apps/codesearch/src/db/schema"), EmptyRelations, ExtractTablesWithRelations<typeof import("/private/tmp/ctxpipe-recovery-01a07aba/apps/codesearch/src/db/schema")>>' is not assignable to parameter of type 'NodePgDatabase<typeof import("/private/tmp/ctxpipe-recovery-01a07aba/apps/codesearch/src/db/schema"), EmptyRelations> & { $client: Pool; }'.
  Property '$client' is missing in type 'PgAsyncTransaction<NodePgQueryResultHKT, typeof import("/private/tmp/ctxpipe-recovery-01a07aba/apps/codesearch/src/db/schema"), EmptyRelations, ExtractTablesWithRelations<typeof import("/private/tmp/ctxpipe-recovery-01a07aba/apps/codesearch/src/db/schema")>>' but required in type '{ $client: Pool; }'.
src/domain/repositories/globFiles.ts(173,7): error TS2322: Type 'Dirent<string>[]' is not assignable to type 'Dirent<NonSharedBuffer>[]'.
  Type 'Dirent<string>' is not assignable to type 'Dirent<NonSharedBuffer>'.
    Type 'string' is not assignable to type 'NonSharedBuffer'.
src/domain/repositories/globFiles.ts(186,30): error TS2339: Property 'startsWith' does not exist on type 'NonSharedBuffer'.
src/domain/repositories/globFiles.ts(190,29): error TS2345: Argument of type 'string | NonSharedBuffer' is not assignable to parameter of type 'string'.
  Type 'NonSharedBuffer' is not assignable to type 'string'.
src/domain/repositories/globFiles.ts(194,29): error TS2322: Type 'NonSharedBuffer' is not assignable to type 'string'.
src/domain/repositories/globFiles.ts(194,35): error TS2322: Type 'string | NonSharedBuffer' is not assignable to type 'string'.
  Type 'NonSharedBuffer' is not assignable to type 'string'.
src/domain/repositories/globFiles.ts(199,40): error TS2345: Argument of type 'NonSharedBuffer' is not assignable to parameter of type 'string'.
src/domain/repositories/globFiles.ts(200,11): error TS2322: Type 'string | NonSharedBuffer' is not assignable to type 'string'.
  Type 'NonSharedBuffer' is not assignable to type 'string'.
src/domain/repositories/globFiles.ts(205,25): error TS2322: Type 'NonSharedBuffer' is not assignable to type 'string'.
src/domain/repositories/globFiles.ts(205,31): error TS2322: Type 'string | NonSharedBuffer' is not assignable to type 'string'.
  Type 'NonSharedBuffer' is not assignable to type 'string'.
UNEXPECTED src/db/client.ts TS2769: observed 1, allowed 0
UNEXPECTED src/db/client.ts TS2345: observed 1, allowed 0
UNEXPECTED src/domain/repositories/globFiles.ts TS2322: observed 1, allowed 0
UNEXPECTED src/domain/repositories/globFiles.ts TS2339: observed 1, allowed 0
UNEXPECTED src/domain/repositories/globFiles.ts TS2345: observed 1, allowed 0
UNEXPECTED src/domain/repositories/globFiles.ts TS2322: observed 2, allowed 0
UNEXPECTED src/domain/repositories/globFiles.ts TS2322: observed 3, allowed 0
UNEXPECTED src/domain/repositories/globFiles.ts TS2345: observed 1, allowed 0
ACKNOWLEDGED 0 existing diagnostic(s); 11 total; full project apps/codesearch/tsconfig.json
